Component: ARM Compiler 5.05 update 1 (build 106) Tool: armlink [4d0efa]

==============================================================================

Section Cross References

    main.o(i.find_target) refers to ec_core_gpio.o(i.ec_core_gpio_read) for ec_core_gpio_read
    main.o(i.find_target) refers to ec_core_gpio.o(i.ec_core_gpio_int_register) for ec_core_gpio_int_register
    main.o(i.find_target) refers to main.o(i.motorB_ccw) for motorB_ccw
    main.o(i.find_target) refers to main.o(i.motorB_stop) for motorB_stop
    main.o(i.find_target) refers to main.o(i.int_falling2) for int_falling2
    main.o(i.find_target) refers to main.o(i.int_rising) for int_rising
    main.o(i.find_target) refers to main.o(.data) for .data
    main.o(i.get_up_now) refers to main.o(i.motorA_ccw) for motorA_ccw
    main.o(i.get_up_now) refers to ec_core_timer.o(i.ec_core_sw_timer_start) for ec_core_sw_timer_start
    main.o(i.get_up_now) refers to main.o(i.find_target) for find_target
    main.o(i.get_up_now) refers to main.o(.data) for .data
    main.o(i.get_up_now) refers to main.o(i.sw_timer1_int) for sw_timer1_int
    main.o(i.hammer) refers to main.o(i.motorA_ccw) for motorA_ccw
    main.o(i.hammer) refers to ec_core_gpio.o(i.ec_core_gpio_int_register) for ec_core_gpio_int_register
    main.o(i.hammer) refers to main.o(.data) for .data
    main.o(i.hammer) refers to main.o(i.int_falling) for int_falling
    main.o(i.hammer) refers to main.o(i.int_rising) for int_rising
    main.o(i.int_falling) refers to main.o(i.motorB_change) for motorB_change
    main.o(i.int_falling2) refers to main.o(i.motorB_break) for motorB_break
    main.o(i.int_falling2) refers to main.o(i.motorB_stop) for motorB_stop
    main.o(i.main) refers to ec_core_clk.o(i.ec_core_sys_clk_set) for ec_core_sys_clk_set
    main.o(i.main) refers to ec_app_flash.o(i.ec_app_flash_sys_param_read) for ec_app_flash_sys_param_read
    main.o(i.main) refers to ec_app_ble.o(i.ec_app_ble_param_init) for ec_app_ble_param_init
    main.o(i.main) refers to ec_core.o(i.ec_core_init) for ec_core_init
    main.o(i.main) refers to main.o(i.uart0_init) for uart0_init
    main.o(i.main) refers to ec_core_gpio.o(i.ec_core_gpio_in_init) for ec_core_gpio_in_init
    main.o(i.main) refers to main.o(i.motorA_init) for motorA_init
    main.o(i.main) refers to main.o(i.motorB_init) for motorB_init
    main.o(i.main) refers to ec_core_sleep.o(i.ec_core_sleep_disable) for ec_core_sleep_disable
    main.o(i.main) refers to ec_core.o(i.ec_core_main_loop_run) for ec_core_main_loop_run
    main.o(i.motorA_break) refers to ec_core_pwm.o(i.ec_core_pwm_stop) for ec_core_pwm_stop
    main.o(i.motorA_break) refers to ec_core_gpio.o(i.ec_core_gpio_write) for ec_core_gpio_write
    main.o(i.motorA_ccw) refers to ec_core_pwm.o(i.ec_core_pwm_stop) for ec_core_pwm_stop
    main.o(i.motorA_ccw) refers to ec_core_pwm.o(i.ec_core_pwm_start) for ec_core_pwm_start
    main.o(i.motorA_ccw) refers to ec_core_gpio.o(i.ec_core_gpio_write) for ec_core_gpio_write
    main.o(i.motorA_cw) refers to ec_core_pwm.o(i.ec_core_pwm_stop) for ec_core_pwm_stop
    main.o(i.motorA_cw) refers to ec_core_pwm.o(i.ec_core_pwm_start) for ec_core_pwm_start
    main.o(i.motorA_cw) refers to ec_core_gpio.o(i.ec_core_gpio_write) for ec_core_gpio_write
    main.o(i.motorA_init) refers to ec_core_gpio.o(i.ec_core_gpio_out_init) for ec_core_gpio_out_init
    main.o(i.motorA_stop) refers to ec_core_gpio.o(i.ec_core_gpio_write) for ec_core_gpio_write
    main.o(i.motorB_break) refers to ec_core_pwm.o(i.ec_core_pwm_stop) for ec_core_pwm_stop
    main.o(i.motorB_break) refers to ec_core_gpio.o(i.ec_core_gpio_write) for ec_core_gpio_write
    main.o(i.motorB_break) refers to main.o(.data) for .data
    main.o(i.motorB_ccw) refers to ec_core_pwm.o(i.ec_core_pwm_stop) for ec_core_pwm_stop
    main.o(i.motorB_ccw) refers to ec_core_pwm.o(i.ec_core_pwm_start) for ec_core_pwm_start
    main.o(i.motorB_ccw) refers to ec_core_gpio.o(i.ec_core_gpio_write) for ec_core_gpio_write
    main.o(i.motorB_ccw) refers to main.o(.data) for .data
    main.o(i.motorB_change) refers to main.o(i.motorB_cw) for motorB_cw
    main.o(i.motorB_change) refers to main.o(i.motorB_ccw) for motorB_ccw
    main.o(i.motorB_change) refers to main.o(.data) for .data
    main.o(i.motorB_cw) refers to ec_core_pwm.o(i.ec_core_pwm_stop) for ec_core_pwm_stop
    main.o(i.motorB_cw) refers to ec_core_pwm.o(i.ec_core_pwm_start) for ec_core_pwm_start
    main.o(i.motorB_cw) refers to ec_core_gpio.o(i.ec_core_gpio_write) for ec_core_gpio_write
    main.o(i.motorB_cw) refers to main.o(.data) for .data
    main.o(i.motorB_init) refers to ec_core_gpio.o(i.ec_core_gpio_out_init) for ec_core_gpio_out_init
    main.o(i.motorB_stop) refers to ec_core_gpio.o(i.ec_core_gpio_write) for ec_core_gpio_write
    main.o(i.motorB_stop) refers to main.o(.data) for .data
[...]
    0x11020174   0x11020174   0x0000000c   Ven    RO         6792    Veneer$$Code        anon$$obj.o
    0x11020180   0x11020180   0x0000000c   Ven    RO         6793    Veneer$$Code        anon$$obj.o
    0x1102018c   0x1102018c   0x0000000c   Ven    RO         6794    Veneer$$Code        anon$$obj.o
    0x11020198   0x11020198   0x0000000c   Ven    RO         6795    Veneer$$Code        anon$$obj.o
    0x110201a4   0x110201a4   0x0000000c   Ven    RO         6796    Veneer$$Code        anon$$obj.o
    0x110201b0   0x110201b0   0x0000000c   Ven    RO         6797    Veneer$$Code        anon$$obj.o
    0x110201bc   0x110201bc   0x0000000c   Ven    RO         6798    Veneer$$Code        anon$$obj.o
    0x110201c8   0x110201c8   0x0000000c   Ven    RO         6799    Veneer$$Code        anon$$obj.o
    0x110201d4   0x110201d4   0x0000000c   Ven    RO         6800    Veneer$$Code        anon$$obj.o
    0x110201e0   0x110201e0   0x0000000c   Ven    RO         6801    Veneer$$Code        anon$$obj.o
    0x110201ec   0x110201ec   0x0000000c   Ven    RO         6802    Veneer$$Code        anon$$obj.o
    0x110201f8   0x110201f8   0x0000000c   Ven    RO         6803    Veneer$$Code        anon$$obj.o
    0x11020204   0x11020204   0x0000000c   Ven    RO         6804    Veneer$$Code        anon$$obj.o
    0x11020210   0x11020210   0x0000000c   Ven    RO         6805    Veneer$$Code        anon$$obj.o
    0x1102021c   0x1102021c   0x0000000c   Ven    RO         6806    Veneer$$Code        anon$$obj.o
    0x11020228   0x11020228   0x0000000c   Ven    RO         6807    Veneer$$Code        anon$$obj.o
    0x11020234   0x11020234   0x0000000c   Ven    RO         6808    Veneer$$Code        anon$$obj.o
    0x11020240   0x11020240   0x0000000c   Ven    RO         6809    Veneer$$Code        anon$$obj.o
    0x1102024c   0x1102024c   0x0000000c   Ven    RO         6810    Veneer$$Code        anon$$obj.o
    0x11020258   0x11020258   0x0000000c   Ven    RO         6811    Veneer$$Code        anon$$obj.o
    0x11020264   0x11020264   0x0000000c   Ven    RO         6812    Veneer$$Code        anon$$obj.o
    0x11020270   0x11020270   0x0000000c   Ven    RO         6813    Veneer$$Code        anon$$obj.o
    0x1102027c   0x1102027c   0x0000000c   Ven    RO         6814    Veneer$$Code        anon$$obj.o
    0x11020288   0x11020288   0x0000000c   Ven    RO         6815    Veneer$$Code        anon$$obj.o
    0x11020294   0x11020294   0x0000000c   Ven    RO         6816    Veneer$$Code        anon$$obj.o
    0x110202a0   0x110202a0   0x0000000c   Ven    RO         6817    Veneer$$Code        anon$$obj.o
    0x110202ac   0x110202ac   0x0000000c   Ven    RO         6818    Veneer$$Code        anon$$obj.o
    0x110202b8   0x110202b8   0x0000000c   Ven    RO         6819    Veneer$$Code        anon$$obj.o
    0x110202c4   0x110202c4   0x0000000c   Ven    RO         6820    Veneer$$Code        anon$$obj.o
    0x110202d0   0x110202d0   0x0000000c   Ven    RO         6821    Veneer$$Code        anon$$obj.o
    0x110202dc   0x110202dc   0x0000000c   Ven    RO         6822    Veneer$$Code        anon$$obj.o
    0x110202e8   0x110202e8   0x0000000c   Ven    RO         6823    Veneer$$Code        anon$$obj.o
    0x110202f4   0x110202f4   0x0000000c   Ven    RO         6824    Veneer$$Code        anon$$obj.o
    0x11020300   0x11020300   0x0000000c   Ven    RO         6825    Veneer$$Code        anon$$obj.o
    0x1102030c   0x1102030c   0x0000000c   Ven    RO         6826    Veneer$$Code        anon$$obj.o
    0x11020318   0x11020318   0x0000000c   Ven    RO         6827    Veneer$$Code        anon$$obj.o
    0x11020324   0x11020324   0x0000000c   Ven    RO         6828    Veneer$$Code        anon$$obj.o
    0x11020330   0x11020330   0x0000000c   Ven    RO         6829    Veneer$$Code        anon$$obj.o
    0x1102033c   0x1102033c   0x0000000c   Ven    RO         6830    Veneer$$Code        anon$$obj.o
    0x11020348   0x11020348   0x0000000c   Ven    RO         6831    Veneer$$Code        anon$$obj.o
    0x11020354   0x11020354   0x0000000c   Ven    RO         6832    Veneer$$Code        anon$$obj.o
    0x11020360   0x11020360   0x0000000c   Ven    RO         6833    Veneer$$Code        anon$$obj.o
    0x1102036c   0x1102036c   0x0000000c   Ven    RO         6834    Veneer$$Code        anon$$obj.o
    0x11020378   0x11020378   0x0000000c   Ven    RO         6835    Veneer$$Code        anon$$obj.o
    0x11020384   0x11020384   0x0000000c   Ven    RO         6836    Veneer$$Code        anon$$obj.o
    0x11020390   0x11020390   0x0000000c   Ven    RO         6837    Veneer$$Code        anon$$obj.o
    0x1102039c   0x1102039c   0x0000000c   Ven    RO         6838    Veneer$$Code        anon$$obj.o
    0x110203a8   0x110203a8   0x0000000c   Ven    RO         6839    Veneer$$Code        anon$$obj.o
    0x110203b4   0x110203b4   0x0000000c   Ven    RO         6840    Veneer$$Code        anon$$obj.o
    0x110203c0   0x110203c0   0x0000000c   Ven    RO         6841    Veneer$$Code        anon$$obj.o
    0x110203cc   0x110203cc   0x0000000c   Ven    RO         6842    Veneer$$Code        anon$$obj.o
    0x110203d8   0x110203d8   0x0000000c   Ven    RO         6843    Veneer$$Code        anon$$obj.o
    0x110203e4   0x110203e4   0x0000000c   Ven    RO         6844    Veneer$$Code        anon$$obj.o
    0x110203f0   0x110203f0   0x0000000c   Ven    RO         6845    Veneer$$Code        anon$$obj.o
    0x110203fc   0x110203fc   0x0000000c   Ven    RO         6846    Veneer$$Code        anon$$obj.o
    0x11020408   0x11020408   0x0000000c   Ven    RO         6847    Veneer$$Code        anon$$obj.o
    0x11020414   0x11020414   0x0000000c   Ven    RO         6848    Veneer$$Code        anon$$obj.o
    0x11020420   0x11020420   0x0000000c   Ven    RO         6849    Veneer$$Code        anon$$obj.o
    0x1102042c   0x1102042c   0x0000000c   Ven    RO         6850    Veneer$$Code        anon$$obj.o
    0x11020438   0x11020438   0x0000000c   Ven    RO         6851    Veneer$$Code        anon$$obj.o
    0x11020444   0x11020444   0x0000000c   Ven    RO         6852    Veneer$$Code        anon$$obj.o
    0x11020450   0x11020450   0x0000000c   Ven    RO         6853    Veneer$$Code        anon$$obj.o
    0x1102045c   0x1102045c   0x0000000c   Ven    RO         6854    Veneer$$Code        anon$$obj.o
    0x11020468   0x11020468   0x0000000c   Ven    RO         6855    Veneer$$Code        anon$$obj.o
    0x11020474   0x11020474   0x0000000c   Ven    RO         6856    Veneer$$Code        anon$$obj.o
    0x11020480   0x11020480   0x0000000c   Ven    RO         6857    Veneer$$Code        anon$$obj.o
    0x1102048c   0x1102048c   0x0000000c   Ven    RO         6858    Veneer$$Code        anon$$obj.o
    0x11020498   0x11020498   0x0000000c   Ven    RO         6859    Veneer$$Code        anon$$obj.o
    0x110204a4   0x110204a4   0x0000000c   Ven    RO         6860    Veneer$$Code        anon$$obj.o
    0x110204b0   0x110204b0   0x0000000c   Ven    RO         6861    Veneer$$Code        anon$$obj.o
    0x110204bc   0x110204bc   0x0000000c   Ven    RO         6862    Veneer$$Code        anon$$obj.o
    0x110204c8   0x110204c8   0x0000000c   Ven    RO         6863    Veneer$$Code        anon$$obj.o
    0x110204d4   0x110204d4   0x0000000c   Ven    RO         6864    Veneer$$Code        anon$$obj.o
    0x110204e0   0x110204e0   0x0000000c   Ven    RO         6865    Veneer$$Code        anon$$obj.o
    0x110204ec   0x110204ec   0x0000000c   Ven    RO         6866    Veneer$$Code        anon$$obj.o
    0x110204f8   0x110204f8   0x000003b4   Code   RO         5748    _section_xip_code_  rf.lib(patch.o)
    0x110208ac   0x110208ac   0x00000016   Code   RO         5054    i.ATT_BuildErrorRsp  ble_host.lib(att_util.o)
    0x110208c2   0x110208c2   0x0000000e   Code   RO         5055    i.ATT_BuildExchangeMTUReq  ble_host.lib(att_util.o)
    0x110208d0   0x110208d0   0x0000000e   Code   RO         5056    i.ATT_BuildExchangeMTURsp  ble_host.lib(att_util.o)
    0x110208de   0x110208de   0x00000008   Code   RO         5057    i.ATT_BuildExecuteWriteReq  ble_host.lib(att_util.o)
    0x110208e6   0x110208e6   0x00000040   Code   RO         5058    i.ATT_BuildFindByTypeValueReq  ble_host.lib(att_util.o)
    0x11020926   0x11020926   0x00000030   Code   RO         5059    i.ATT_BuildFindByTypeValueRsp  ble_host.lib(att_util.o)
    0x11020956   0x11020956   0x00000018   Code   RO         5060    i.ATT_BuildFindInfoReq  ble_host.lib(att_util.o)
    0x1102096e   0x1102096e   0x0000006c   Code   RO         5061    i.ATT_BuildFindInfoRsp  ble_host.lib(att_util.o)
    0x110209da   0x110209da   0x00000020   Code   RO         5062    i.ATT_BuildHandleValueInd  ble_host.lib(att_util.o)
    0x110209fa   0x110209fa   0x0000002a   Code   RO         5063    i.ATT_BuildPrepareWriteReq  ble_host.lib(att_util.o)
    0x11020a24   0x11020a24   0x0000002a   Code   RO         5064    i.ATT_BuildPrepareWriteRsp  ble_host.lib(att_util.o)
    0x11020a4e   0x11020a4e   0x00000018   Code   RO         5065    i.ATT_BuildReadBlobReq  ble_host.lib(att_util.o)
    0x11020a66   0x11020a66   0x00000010   Code   RO         5066    i.ATT_BuildReadBlobRsp  ble_host.lib(att_util.o)
    0x11020a76   0x11020a76   0x0000001a   Code   RO         5067    i.ATT_BuildReadByGrpTypeRsp  ble_host.lib(att_util.o)
    0x11020a90   0x11020a90   0x00000028   Code   RO         5068    i.ATT_BuildReadByTypeReq  ble_host.lib(att_util.o)
    0x11020ab8   0x11020ab8   0x0000001a   Code   RO         5069    i.ATT_BuildReadByTypeRsp  ble_host.lib(att_util.o)
    0x11020ad2   0x11020ad2   0x00000010   Code   RO         5071    i.ATT_BuildReadMultiRsp  ble_host.lib(att_util.o)
    0x11020ae2   0x11020ae2   0x00000010   Code   RO         5073    i.ATT_BuildReadRsp  ble_host.lib(att_util.o)
    0x11020af2   0x11020af2   0x00000020   Code   RO         5074    i.ATT_BuildWriteReq  ble_host.lib(att_util.o)
    0x11020b12   0x11020b12   0x0000004a   Code   RO         5075    i.ATT_CompareUUID   ble_host.lib(att_util.o)
    0x11020b5c   0x11020b5c   0x0000002c   Code   RO         5076    i.ATT_ConvertUUIDto128  ble_host.lib(att_util.o)
    0x11020b88   0x11020b88   0x00000014   Code   RO         5022    i.ATT_ErrorRsp      ble_host.lib(att_server.o)
    0x11020b9c   0x11020b9c   0x00000020   Code   RO         5952    i.ATT_ExchangeMTUReq  ble_host.lib(att_client.o)
    0x11020bbc   0x11020bbc   0x00000040   Code   RO         5023    i.ATT_ExchangeMTURsp  ble_host.lib(att_server.o)
    0x11020bfc   0x11020bfc   0x00000014   Code   RO         5953    i.ATT_ExecuteWriteReq  ble_host.lib(att_client.o)
    0x11020c10   0x11020c10   0x0000000e   Code   RO         5024    i.ATT_ExecuteWriteRsp  ble_host.lib(att_server.o)
    0x11020c1e   0x11020c1e   0x00000002   PAD
    0x11020c20   0x11020c20   0x0000001c   Code   RO         5954    i.ATT_FindByTypeValueReq  ble_host.lib(att_client.o)
    0x11020c3c   0x11020c3c   0x0000001c   Code   RO         5025    i.ATT_FindByTypeValueRsp  ble_host.lib(att_server.o)
    0x11020c58   0x11020c58   0x00000014   Code   RO         5955    i.ATT_FindInfoReq   ble_host.lib(att_client.o)
    0x11020c6c   0x11020c6c   0x00000028   Code   RO         5026    i.ATT_FindInfoRsp   ble_host.lib(att_server.o)
    0x11020c94   0x11020c94   0x0000000c   Code   RO         5078    i.ATT_GetCurrentMTUSize  ble_host.lib(att_util.o)
    0x11020ca0   0x11020ca0   0x00000014   Code   RO         5027    i.ATT_HandleValueInd  ble_host.lib(att_server.o)
    0x11020cb4   0x11020cb4   0x00000014   Code   RO         5028    i.ATT_HandleValueNoti  ble_host.lib(att_server.o)
    0x11020cc8   0x11020cc8   0x0000000c   Code   RO         5080    i.ATT_InitMtuSize   ble_host.lib(att_util.o)
    0x11020cd4   0x11020cd4   0x0000001e   Code   RO         5081    i.ATT_ParseErrorRsp  ble_host.lib(att_util.o)
    0x11020cf2   0x11020cf2   0x00000018   Code   RO         5082    i.ATT_ParseExchangeMTUReq  ble_host.lib(att_util.o)
    0x11020d0a   0x11020d0a   0x00000016   Code   RO         5083    i.ATT_ParseExchangeMTURsp  ble_host.lib(att_util.o)
    0x11020d20   0x11020d20   0x00000012   Code   RO         5084    i.ATT_ParseExecuteWriteReq  ble_host.lib(att_util.o)
    0x11020d32   0x11020d32   0x0000000c   Code   RO         5085    i.ATT_ParseExecuteWriteRsp  ble_host.lib(att_util.o)
    0x11020d3e   0x11020d3e   0x00000048   Code   RO         5086    i.ATT_ParseFindByTypeValueReq  ble_host.lib(att_util.o)
    0x11020d86   0x11020d86   0x00000022   Code   RO         5088    i.ATT_ParseFindInfoReq  ble_host.lib(att_util.o)
    0x11020da8   0x11020da8   0x0000002e   Code   RO         5091    i.ATT_ParseHandleValueInd  ble_host.lib(att_util.o)
    0x11020dd6   0x11020dd6   0x0000005e   Code   RO         5092    i.ATT_ParsePacket   ble_host.lib(att_util.o)
    0x11020e34   0x11020e34   0x00000038   Code   RO         5093    i.ATT_ParsePrepareWriteReq  ble_host.lib(att_util.o)
    0x11020e6c   0x11020e6c   0x00000022   Code   RO         5095    i.ATT_ParseReadBlobReq  ble_host.lib(att_util.o)
    0x11020e8e   0x11020e8e   0x00000038   Code   RO         5097    i.ATT_ParseReadByGrpTypeRsp  ble_host.lib(att_util.o)
    0x11020ec6   0x11020ec6   0x0000003c   Code   RO         5098    i.ATT_ParseReadByTypeReq  ble_host.lib(att_util.o)
    0x11020f02   0x11020f02   0x00000038   Code   RO         5099    i.ATT_ParseReadByTypeRsp  ble_host.lib(att_util.o)
    0x11020f3a   0x11020f3a   0x00000002   PAD
    0x11020f3c   0x11020f3c   0x00000044   Code   RO         5100    i.ATT_ParseReadMultiReq  ble_host.lib(att_util.o)
    0x11020f80   0x11020f80   0x00000018   Code   RO         5102    i.ATT_ParseReadReq  ble_host.lib(att_util.o)
    0x11020f98   0x11020f98   0x00000042   Code   RO         5104    i.ATT_ParseWriteReq  ble_host.lib(att_util.o)
    0x11020fda   0x11020fda   0x0000000c   Code   RO         5105    i.ATT_ParseWriteRsp  ble_host.lib(att_util.o)
    0x11020fe6   0x11020fe6   0x00000002   PAD
    0x11020fe8   0x11020fe8   0x00000014   Code   RO         5957    i.ATT_PrepareWriteReq  ble_host.lib(att_client.o)
    0x11020ffc   0x11020ffc   0x00000014   Code   RO         5029    i.ATT_PrepareWriteRsp  ble_host.lib(att_server.o)
    0x11021010   0x11021010   0x00000014   Code   RO         5958    i.ATT_ReadBlobReq   ble_host.lib(att_client.o)
    0x11021024   0x11021024   0x00000014   Code   RO         5030    i.ATT_ReadBlobRsp   ble_host.lib(att_server.o)
    0x11021038   0x11021038   0x00000020   Code   RO         5959    i.ATT_ReadByGrpTypeReq  ble_host.lib(att_client.o)
    0x11021058   0x11021058   0x0000001c   Code   RO         5031    i.ATT_ReadByGrpTypeRsp  ble_host.lib(att_server.o)
    0x11021074   0x11021074   0x00000020   Code   RO         5960    i.ATT_ReadByTypeReq  ble_host.lib(att_client.o)
    0x11021094   0x11021094   0x0000001c   Code   RO         5032    i.ATT_ReadByTypeRsp  ble_host.lib(att_server.o)
    0x110210b0   0x110210b0   0x00000014   Code   RO         5033    i.ATT_ReadMultiRsp  ble_host.lib(att_server.o)
    0x110210c4   0x110210c4   0x00000014   Code   RO         5034    i.ATT_ReadRsp       ble_host.lib(att_server.o)
    0x110210d8   0x110210d8   0x0000002c   Code   RO         5106    i.ATT_SetMTUSizeMax  ble_host.lib(att_util.o)
    0x11021104   0x11021104   0x00000018   Code   RO         5108    i.ATT_UpdateMtuSize  ble_host.lib(att_util.o)
    0x1102111c   0x1102111c   0x00000040   Code   RO         5963    i.ATT_WriteReq      ble_host.lib(att_client.o)
    0x1102115c   0x1102115c   0x0000000e   Code   RO         5035    i.ATT_WriteRsp      ble_host.lib(att_server.o)
    0x1102116a   0x1102116a   0x00000002   PAD
    0x1102116c   0x1102116c   0x0000000c   Code   RO         1161    i.EC_APP_Task_Init  ec_app_task.o
    0x11021178   0x11021178   0x00000108   Code   RO         1162    i.EC_APP_Task_ProcessEvent  ec_app_task.o
    0x11021280   0x11021280   0x00000010   Code   RO         2649    i.GAPBondMgr_Init   gapbondmgr.o
    0x11021290   0x11021290   0x0000011c   Code   RO         2650    i.GAPBondMgr_LinkEst  gapbondmgr.o
    0x110213ac   0x110213ac   0x00000064   Code   RO         2652    i.GAPBondMgr_ProcessEvent  gapbondmgr.o
    0x11021410   0x11021410   0x00000268   Code   RO         2653    i.GAPBondMgr_ProcessGAPMsg  gapbondmgr.o
    0x11021678   0x11021678   0x00000020   Code   RO         2654    i.GAPBondMgr_Register  gapbondmgr.o
    0x11021698   0x11021698   0x000000b8   Code   RO         2655    i.GAPBondMgr_ResolveAddr  gapbondmgr.o
    0x11021750   0x11021750   0x0000006c   Code   RO         2656    i.GAPBondMgr_ServiceChangeInd  gapbondmgr.o
    0x110217bc   0x110217bc   0x0000017c   Code   RO         2657    i.GAPBondMgr_SetParameter  gapbondmgr.o
    0x11021938   0x11021938   0x00000058   Code   RO         2658    i.GAPBondMgr_UpdateCharCfg  gapbondmgr.o
    0x11021990   0x11021990   0x00000044   Code   RO          806    i.GAPCentralRole_CancelRssi  central.o
    0x110219d4   0x110219d4   0x00000028   Code   RO          807    i.GAPCentralRole_EstablishLink  central.o
    0x110219fc   0x110219fc   0x00000034   Code   RO          809    i.GAPCentralRole_Init  central.o
    0x11021a30   0x11021a30   0x0000003c   Code   RO          810    i.GAPCentralRole_ProcessEvent  central.o
    0x11021a6c   0x11021a6c   0x00000060   Code   RO          811    i.GAPCentralRole_SetParameter  central.o
    0x11021acc   0x11021acc   0x0000002c   Code   RO          812    i.GAPCentralRole_StartDevice  central.o
    0x11021af8   0x11021af8   0x0000001c   Code   RO          813    i.GAPCentralRole_StartDiscovery  central.o
    0x11021b14   0x11021b14   0x000000e8   Code   RO         3633    i.GAPRole_GetParameter  peripheral.o
    0x11021bfc   0x11021bfc   0x00000044   Code   RO         3634    i.GAPRole_Init      peripheral.o
    0x11021c40   0x11021c40   0x000000f4   Code   RO         3635    i.GAPRole_ProcessEvent  peripheral.o
    0x11021d34   0x11021d34   0x00000058   Code   RO         3637    i.GAPRole_SendUpdateParam  peripheral.o
    0x11021d8c   0x11021d8c   0x00000214   Code   RO         3638    i.GAPRole_SetParameter  peripheral.o
    0x11021fa0   0x11021fa0   0x00000038   Code   RO         3639    i.GAPRole_StartDevice  peripheral.o
    0x11021fd8   0x11021fd8   0x00000020   Code   RO         3640    i.GAPRole_TerminateConnection  peripheral.o
    0x11021ff8   0x11021ff8   0x000000c4   Code   RO         5287    i.GAP_Authenticate  ble_host.lib(gap_linkmgr.o)
    0x110220bc   0x110220bc   0x00000088   Code   RO         5288    i.GAP_Bond          ble_host.lib(gap_linkmgr.o)
    0x11022144   0x11022144   0x00000020   Code   RO         5173    i.GAP_CentConnRegister  ble_host.lib(gap_centdevmgr.o)
    0x11022164   0x11022164   0x0000003c   Code   RO         5174    i.GAP_CentDevMgrInit  ble_host.lib(gap_centdevmgr.o)
    0x110221a0   0x110221a0   0x0000009c   Code   RO         5176    i.GAP_DeviceDiscoveryRequest  ble_host.lib(gap_centdevmgr.o)
    0x1102223c   0x1102223c   0x0000009c   Code   RO         2627    i.GAP_DeviceInit    gap.o
    0x110222d8   0x110222d8   0x00000054   Code   RO         5336    i.GAP_EndDiscoverable  ble_host.lib(gap_peridevmgr.o)
    0x1102232c   0x1102232c   0x000000fc   Code   RO         5208    i.GAP_EstablishLinkReq  ble_host.lib(gap_centlinkmgr.o)
    0x11022428   0x11022428   0x00000018   Code   RO         5227    i.GAP_GetParamValue  ble_host.lib(gap_configmgr.o)
    0x11022440   0x11022440   0x00000020   Code   RO         5393    i.GAP_Init          ble_host.lib(gap_task.o)
    0x11022460   0x11022460   0x000000c0   Code   RO         5338    i.GAP_MakeDiscoverable  ble_host.lib(gap_peridevmgr.o)
    0x11022520   0x11022520   0x00000008   Code   RO         5394    i.GAP_NumActiveConnections  ble_host.lib(gap_task.o)
    0x11022528   0x11022528   0x00000038   Code   RO         5228    i.GAP_ParamsInit    ble_host.lib(gap_configmgr.o)
    0x11022560   0x11022560   0x00000048   Code   RO         5289    i.GAP_PasscodeUpdate  ble_host.lib(gap_linkmgr.o)
    0x110225a8   0x110225a8   0x00000048   Code   RO         5339    i.GAP_PeriDevMgrInit  ble_host.lib(gap_peridevmgr.o)
    0x110225f0   0x110225f0   0x000000e0   Code   RO         5395    i.GAP_ProcessEvent  ble_host.lib(gap_task.o)
    0x110226d0   0x110226d0   0x0000000c   Code   RO         5396    i.GAP_RegisterForHCIMsgs  ble_host.lib(gap_task.o)
    0x110226dc   0x110226dc   0x00000008   Code   RO         5272    i.GAP_ResolvePrivateAddr  ble_host.lib(gap_devmgr.o)
    0x110226e4   0x110226e4   0x00000040   Code   RO         5229    i.GAP_SecParamsInit  ble_host.lib(gap_configmgr.o)
    0x11022724   0x11022724   0x00000050   Code   RO         5387    i.GAP_SendSlaveSecurityRequest  ble_host.lib(gap_perilinkmgr.o)
    0x11022774   0x11022774   0x00000020   Code   RO         5230    i.GAP_SetParamValue  ble_host.lib(gap_configmgr.o)
    0x11022794   0x11022794   0x0000004c   Code   RO         5291    i.GAP_Signable      ble_host.lib(gap_linkmgr.o)
    0x110227e0   0x110227e0   0x00000020   Code   RO         5292    i.GAP_TerminateAuth  ble_host.lib(gap_linkmgr.o)
    0x11022800   0x11022800   0x00000080   Code   RO         5293    i.GAP_TerminateLinkReq  ble_host.lib(gap_linkmgr.o)
    0x11022880   0x11022880   0x00000074   Code   RO         5343    i.GAP_UpdateAdvertisingData  ble_host.lib(gap_peridevmgr.o)
    0x110228f4   0x110228f4   0x00000020   Code   RO         2927    i.GATTServApp_AddService  gattservapp.o
    0x11022914   0x11022914   0x0000004c   Code   RO         2933    i.GATTServApp_Init  gattservapp.o
    0x11022960   0x11022960   0x00000030   Code   RO         2934    i.GATTServApp_InitCharCfg  gattservapp.o
    0x11022990   0x11022990   0x00000058   Code   RO         2935    i.GATTServApp_ProcessCCCWriteReq  gattservapp.o
    0x110229e8   0x110229e8   0x00000038   Code   RO         2937    i.GATTServApp_ProcessEvent  gattservapp.o
    0x11022a20   0x11022a20   0x00000224   Code   RO         2938    i.GATTServApp_ReadAttr  gattservapp.o
    0x11022c44   0x11022c44   0x0000000e   Code   RO         2939    i.GATTServApp_ReadCharCfg  gattservapp.o
    0x11022c52   0x11022c52   0x00000002   PAD
    0x11022c54   0x11022c54   0x0000000c   Code   RO         2940    i.GATTServApp_RegisterForMsg  gattservapp.o
    0x11022c60   0x11022c60   0x0000005c   Code   RO         2941    i.GATTServApp_RegisterService  gattservapp.o
    0x11022cbc   0x11022cbc   0x00000038   Code   RO         2942    i.GATTServApp_SendCCCUpdatedEvent  gattservapp.o
    0x11022cf4   0x11022cf4   0x00000024   Code   RO         2943    i.GATTServApp_SendServiceChangedInd  gattservapp.o
    0x11022d18   0x11022d18   0x00000018   Code   RO         2946    i.GATTServApp_UpdateCharCfg  gattservapp.o
    0x11022d30   0x11022d30   0x0000003e   Code   RO         2947    i.GATTServApp_WriteAttr  gattservapp.o
    0x11022d6e   0x11022d6e   0x00000002   PAD
    0x11022d70   0x11022d70   0x0000002c   Code   RO         2948    i.GATTServApp_WriteCharCfg  gattservapp.o
    0x11022d9c   0x11022d9c   0x0000002e   Code   RO         5570    i.GATT_AppCompletedMsg  ble_host.lib(gatt_task.o)
    0x11022dca   0x11022dca   0x00000022   Code   RO         5415    i.GATT_DiscAllChars  ble_host.lib(gatt_client.o)
    0x11022dec   0x11022dec   0x00000050   Code   RO         5416    i.GATT_DiscAllPrimaryServices  ble_host.lib(gatt_client.o)
    0x11022e3c   0x11022e3c   0x00000040   Code   RO         5419    i.GATT_ExchangeMTU  ble_host.lib(gatt_client.o)
    0x11022e7c   0x11022e7c   0x0000004c   Code   RO         5505    i.GATT_FindHandle   ble_host.lib(gatt_server.o)
    0x11022ec8   0x11022ec8   0x00000064   Code   RO         5506    i.GATT_FindHandleUUID  ble_host.lib(gatt_server.o)
    0x11022f2c   0x11022f2c   0x00000094   Code   RO         5507    i.GATT_FindNextAttr  ble_host.lib(gatt_server.o)
    0x11022fc0   0x11022fc0   0x00000054   Code   RO         5508    i.GATT_Indication   ble_host.lib(gatt_server.o)
    0x11023014   0x11023014   0x0000001c   Code   RO         5571    i.GATT_Init         ble_host.lib(gatt_task.o)
    0x11023030   0x11023030   0x0000005c   Code   RO         5422    i.GATT_InitClient   ble_host.lib(gatt_client.o)
    0x1102308c   0x1102308c   0x00000048   Code   RO         5509    i.GATT_InitServer   ble_host.lib(gatt_server.o)
    0x110230d4   0x110230d4   0x0000002e   Code   RO         5510    i.GATT_Notification  ble_host.lib(gatt_server.o)
    0x11023102   0x11023102   0x00000002   PAD
    0x11023104   0x11023104   0x00000034   Code   RO         5572    i.GATT_ProcessEvent  ble_host.lib(gatt_task.o)
    0x11023138   0x11023138   0x0000000c   Code   RO         5430    i.GATT_RegisterForInd  ble_host.lib(gatt_client.o)
    0x11023144   0x11023144   0x0000000c   Code   RO         5511    i.GATT_RegisterForReq  ble_host.lib(gatt_server.o)
    0x11023150   0x11023150   0x000000a8   Code   RO         5512    i.GATT_RegisterService  ble_host.lib(gatt_server.o)
    0x110231f8   0x110231f8   0x00000050   Code   RO         5513    i.GATT_ServiceChangedInd  ble_host.lib(gatt_server.o)
    0x11023248   0x11023248   0x00000020   Code   RO         5514    i.GATT_ServiceNumAttrs  ble_host.lib(gatt_server.o)
    0x11023268   0x11023268   0x00000026   Code   RO         5516    i.GATT_VerifyReadPermissions  ble_host.lib(gatt_server.o)
    0x1102328e   0x1102328e   0x00000042   Code   RO         5517    i.GATT_VerifyWritePermissions  ble_host.lib(gatt_server.o)
    0x110232d0   0x110232d0   0x00000008   Code   RO         5434    i.GATT_WriteCharValue  ble_host.lib(gatt_client.o)
    0x110232d8   0x110232d8   0x00000020   Code   RO         2847    i.GGS_AddService    gapgattserver.o
    0x110232f8   0x110232f8   0x00000088   Code   RO         2853    i.GGS_SetParameter  gapgattserver.o
    0x11023380   0x11023380   0x00000042   Code   RO         5981    i.L2CAP_BuildCmdReject  ble_host.lib(l2cap_util.o)
    0x110233c2   0x110233c2   0x0000000e   Code   RO         5983    i.L2CAP_BuildParamUpdateRsp  ble_host.lib(l2cap_util.o)
    0x110233d0   0x110233d0   0x00000018   Code   RO         5602    i.L2CAP_CmdReject   ble_host.lib(l2cap_if.o)
    0x110233e8   0x110233e8   0x00000018   Code   RO         5603    i.L2CAP_ConnParamUpdateReq  ble_host.lib(l2cap_if.o)
    0x11023400   0x11023400   0x00000018   Code   RO         5604    i.L2CAP_ConnParamUpdateRsp  ble_host.lib(l2cap_if.o)
    0x11023418   0x11023418   0x00000008   Code   RO         5985    i.L2CAP_Fragment_bm_alloc  ble_host.lib(l2cap_util.o)
    0x11023420   0x11023420   0x00000018   Code   RO         5606    i.L2CAP_HostNumCompletedPkts  ble_host.lib(l2cap_if.o)
    0x11023438   0x11023438   0x00000048   Code   RO         5627    i.L2CAP_Init        ble_host.lib(l2cap_task.o)
    0x11023480   0x11023480   0x00000034   Code   RO         5987    i.L2CAP_ParseParamUpdateReq  ble_host.lib(l2cap_util.o)
    0x110234b4   0x110234b4   0x00000034   Code   RO         5628    i.L2CAP_ProcessEvent  ble_host.lib(l2cap_task.o)
    0x110234e8   0x110234e8   0x00000024   Code   RO         5988    i.L2CAP_ReassemblePkt_Reset  ble_host.lib(l2cap_util.o)
    0x1102350c   0x1102350c   0x0000002c   Code   RO         5608    i.L2CAP_RegisterApp  ble_host.lib(l2cap_if.o)
    0x11023538   0x11023538   0x00000044   Code   RO         5989    i.L2CAP_SegmentPkt_Reset  ble_host.lib(l2cap_util.o)
    0x1102357c   0x1102357c   0x00000034   Code   RO         5609    i.L2CAP_SendData    ble_host.lib(l2cap_if.o)
    0x110235b0   0x110235b0   0x00000018   Code   RO         5990    i.L2CAP_bm_alloc    ble_host.lib(l2cap_util.o)
    0x110235c8   0x110235c8   0x00000044   Code   RO         6054    i.SM_CalcRandomAddr  ble_host.lib(sm_mgr.o)
    0x1102360c   0x1102360c   0x0000009a   Code   RO         6056    i.SM_GenerateAuthenSig  ble_host.lib(sm_mgr.o)
    0x110236a6   0x110236a6   0x00000002   PAD
    0x110236a8   0x110236a8   0x00000024   Code   RO         5733    i.SM_Init           ble_host.lib(sm_task.o)
    0x110236cc   0x110236cc   0x00000020   Code   RO         5672    i.SM_InitiatorInit  ble_host.lib(sm_intpairing.o)
    0x110236ec   0x110236ec   0x00000088   Code   RO         6111    i.SM_PasskeyUpdate  ble_host.lib(sm_pairing.o)
    0x11023774   0x11023774   0x00000048   Code   RO         5734    i.SM_ProcessEvent   ble_host.lib(sm_task.o)
    0x110237bc   0x110237bc   0x0000004c   Code   RO         6058    i.SM_ResolveRandomAddrs  ble_host.lib(sm_mgr.o)
    0x11023808   0x11023808   0x00000020   Code   RO         5703    i.SM_ResponderInit  ble_host.lib(sm_rsppairing.o)
    0x11023828   0x11023828   0x00000056   Code   RO         5673    i.SM_StartEncryption  ble_host.lib(sm_intpairing.o)
    0x1102387e   0x1102387e   0x00000002   PAD
    0x11023880   0x11023880   0x000000a8   Code   RO         6112    i.SM_StartPairing   ble_host.lib(sm_pairing.o)
    0x11023928   0x11023928   0x000000ce   Code   RO         6059    i.SM_VerifyAuthenSig  ble_host.lib(sm_mgr.o)
    0x110239f6   0x110239f6   0x00000002   PAD
    0x110239f8   0x110239f8   0x000000c8   Code   RO         4047    i.SimpleBLECentral_Init  simpleblecentral.o
    0x11023ac0   0x11023ac0   0x000000f8   Code   RO         4048    i.SimpleBLECentral_ProcessEvent  simpleblecentral.o
    0x11023bb8   0x11023bb8   0x000001c0   Code   RO         4238    i.SimpleBLEPeripheral_Init  simplebleperipheral.o
    0x11023d78   0x11023d78   0x0000005c   Code   RO         4239    i.SimpleBLEPeripheral_ProcessEvent  simplebleperipheral.o
    0x11023dd4   0x11023dd4   0x0000003c   Code   RO         3932    i.SimpleProfile_AddService  sbpprofile_ota.o
    0x11023e10   0x11023e10   0x00000014   Code   RO         3934    i.SimpleProfile_RegisterAppCBs  sbpprofile_ota.o
    0x11023e24   0x11023e24   0x00000012   Code   RO          978    i.WaitMs            clock.o
    0x11023e36   0x11023e36   0x00000002   PAD
    0x11023e38   0x11023e38   0x00000024   Code   RO         4880    i.Watchdog_Init     watchdog.o
    0x11023e5c   0x11023e5c   0x00000014   Code   RO         4881    i.Watchdog_ProcessEvent  watchdog.o
    0x11023e70   0x11023e70   0x00000018   Code   RO         3159    i.__NVIC_EnableIRQ  gpio.o
    0x11023e88   0x11023e88   0x00000044   Code   RO         1470    i.__NVIC_SetPriority  ec_core.o
    0x11023ecc   0x11023ecc   0x00000044   Code   RO         3160    i.__NVIC_SetPriority  gpio.o
    0x11023f10   0x11023f10   0x0000004c   Code   RO         1876    i._ec_core_ble_peripheral_set_name  ec_core_ble_peripheral.o
    0x11023f5c   0x11023f5c   0x0000000e   Code   RO         3380    i._uart0_putc       my_printf.o
    0x11023f6a   0x11023f6a   0x0000000a   Code   RO         4027    i.app_main          simpleble_main.o
    0x11023f74   0x11023f74   0x0000000e   Code   RO         4028    i.app_main_init     simpleble_main.o
    0x11023f82   0x11023f82   0x00000002   PAD
    0x11023f84   0x11023f84   0x0000007c   Code   RO         5109    i.attSendMsg        ble_host.lib(att_util.o)
    0x11024000   0x11024000   0x00000020   Code   RO         2522    i.check_addr        fs.o
    0x11024020   0x11024020   0x00000002   Code   RO         3382    i.dbg_printf        my_printf.o
    0x11024022   0x11024022   0x0000001a   Code   RO         5294    i.disconnectNext    ble_host.lib(gap_linkmgr.o)
    0x1102403c   0x1102403c   0x00000050   Code   RO         1345    i.ec_ble_central_bond_check  ec_ble_central.o
    0x1102408c   0x1102408c   0x00000040   Code   RO         4050    i.ec_ble_central_connect_fail  simpleblecentral.o
    0x110240cc   0x110240cc   0x0000002c   Code   RO         4051    i.ec_ble_central_connect_ok  simpleblecentral.o
    0x110240f8   0x110240f8   0x00000040   Code   RO         4053    i.ec_ble_central_disconnect_cb  simpleblecentral.o
    0x11024138   0x11024138   0x00000010   Code   RO         4057    i.ec_ble_central_rev_data  simpleblecentral.o
    0x11024148   0x11024148   0x0000006c   Code   RO         4059    i.ec_ble_central_scan_cb  simpleblecentral.o
    0x110241b4   0x110241b4   0x000000a0   Code   RO         1313    i.ec_ble_init       ec_ble.o
    0x11024254   0x11024254   0x00000030   Code   RO         1383    i.ec_ble_peripheral_connect_cb  ec_ble_peripheral.o
    0x11024284   0x11024284   0x00000024   Code   RO         1384    i.ec_ble_peripheral_disconnect_cb  ec_ble_peripheral.o
    0x110242a8   0x110242a8   0x0000001c   Code   RO         1385    i.ec_ble_peripheral_notification_disable_cb  ec_ble_peripheral.o
    0x110242c4   0x110242c4   0x0000001c   Code   RO         1386    i.ec_ble_peripheral_notification_enable_cb  ec_ble_peripheral.o
    0x110242e0   0x110242e0   0x00000044   Code   RO         1387    i.ec_ble_peripheral_receive_data  ec_ble_peripheral.o
    0x11024324   0x11024324   0x00000028   Code   RO         3937    i.ec_config_128bit_uuid  sbpprofile_ota.o
    0x1102434c   0x1102434c   0x00000020   Code   RO         1672    i.ec_core_ble_get_mac  ec_core_ble.o
    0x1102436c   0x1102436c   0x00000098   Code   RO         1886    i.ec_core_ble_peripheral_set_default_name  ec_core_ble_peripheral.o
    0x11024404   0x11024404   0x00000028   Code   RO         1887    i.ec_core_ble_peripheral_set_event_cb  ec_core_ble_peripheral.o
    0x1102442c   0x1102442c   0x00000014   Code   RO         1889    i.ec_core_ble_peripheral_set_name  ec_core_ble_peripheral.o
    0x11024440   0x11024440   0x0000000c   Code   RO         1890    i.ec_core_ble_peripheral_set_ota_en  ec_core_ble_peripheral.o
    0x1102444c   0x1102444c   0x0000000c   Code   RO         1891    i.ec_core_ble_peripheral_set_receive_cb  ec_core_ble_peripheral.o
    0x11024458   0x11024458   0x00000014   Code   RO         2034    i.ec_core_flash_erase_sector  ec_core_flash.o
    0x1102446c   0x1102446c   0x00000030   Code   RO         2035    i.ec_core_flash_init  ec_core_flash.o
    0x1102449c   0x1102449c   0x00000028   Code   RO         2036    i.ec_core_flash_read  ec_core_flash.o
    0x110244c4   0x110244c4   0x00000014   Code   RO         2037    i.ec_core_flash_write  ec_core_flash.o
    0x110244d8   0x110244d8   0x00000046   Code   RO         2075    i.ec_core_gpio_get_pin  ec_core_gpio.o
    0x1102451e   0x1102451e   0x0000002a   Code   RO         2076    i.ec_core_gpio_in_init  ec_core_gpio.o
    0x11024548   0x11024548   0x000000e4   Code   RO         2077    i.ec_core_gpio_int_register  ec_core_gpio.o
    0x1102462c   0x1102462c   0x00000034   Code   RO         2078    i.ec_core_gpio_out_init  ec_core_gpio.o
    0x11024660   0x11024660   0x00000018   Code   RO         2079    i.ec_core_gpio_p0_int  ec_core_gpio.o
    0x11024678   0x11024678   0x00000018   Code   RO         2080    i.ec_core_gpio_p10_int  ec_core_gpio.o
    0x11024690   0x11024690   0x00000018   Code   RO         2081    i.ec_core_gpio_p1_int  ec_core_gpio.o
    0x110246a8   0x110246a8   0x00000018   Code   RO         2082    i.ec_core_gpio_p2_int  ec_core_gpio.o
    0x110246c0   0x110246c0   0x00000018   Code   RO         2083    i.ec_core_gpio_p3_int  ec_core_gpio.o
    0x110246d8   0x110246d8   0x00000018   Code   RO         2084    i.ec_core_gpio_p4_int  ec_core_gpio.o
    0x110246f0   0x110246f0   0x00000018   Code   RO         2085    i.ec_core_gpio_p5_int  ec_core_gpio.o
    0x11024708   0x11024708   0x00000018   Code   RO         2086    i.ec_core_gpio_p6_int  ec_core_gpio.o
    0x11024720   0x11024720   0x00000018   Code   RO         2087    i.ec_core_gpio_p7_int  ec_core_gpio.o
    0x11024738   0x11024738   0x00000018   Code   RO         2088    i.ec_core_gpio_p8_int  ec_core_gpio.o
    0x11024750   0x11024750   0x00000018   Code   RO         2089    i.ec_core_gpio_p9_int  ec_core_gpio.o
    0x11024768   0x11024768   0x00000012   Code   RO         2090    i.ec_core_gpio_read  ec_core_gpio.o
    0x1102477a   0x1102477a   0x0000000c   Code   RO         2093    i.ec_core_gpio_write  ec_core_gpio.o
    0x11024786   0x11024786   0x00000002   PAD
    0x11024788   0x11024788   0x00000044   Code   RO         1472    i.ec_core_init      ec_core.o
    0x110247cc   0x110247cc   0x00000008   Code   RO         1473    i.ec_core_main_loop_run  ec_core.o
    0x110247d4   0x110247d4   0x00000014   Code   RO         2261    i.ec_core_sleep_disable  ec_core_sleep.o
    0x110247e8   0x110247e8   0x0000000e   Code   RO         2263    i.ec_core_sleep_init  ec_core_sleep.o
    0x110247f6   0x110247f6   0x00000002   PAD
    0x110247f8   0x110247f8   0x00000024   Code   RO         1988    i.ec_core_sys_clk_set  ec_core_clk.o
    0x1102481c   0x1102481c   0x00000054   Code   RO         2352    i.ec_core_uart0_evt_hdl  ec_core_uart.o
    0x11024870   0x11024870   0x0000001c   Code   RO         3384    i.ec_core_uart0_printf  my_printf.o
    0x1102488c   0x1102488c   0x00000024   Code   RO         2353    i.ec_core_uart0_rx_parse  ec_core_uart.o
    0x110248b0   0x110248b0   0x00000054   Code   RO         2354    i.ec_core_uart1_evt_hdl  ec_core_uart.o
    0x11024904   0x11024904   0x00000024   Code   RO         2355    i.ec_core_uart1_rx_parse  ec_core_uart.o
    0x11024928   0x11024928   0x00000068   Code   RO         2357    i.ec_core_uart_get_timeout  ec_core_uart.o
    0x11024990   0x11024990   0x000000c4   Code   RO         2358    i.ec_core_uart_init  ec_core_uart.o
    0x11024a54   0x11024a54   0x00000010   Code   RO         2359    i.ec_core_uart_send  ec_core_uart.o
    0x11024a64   0x11024a64   0x0000014c   Code   RO         2523    i.fs_init           fs.o
    0x11024bb0   0x11024bb0   0x00000174   Code   RO         2524    i.fs_search_items   fs.o
    0x11024d24   0x11024d24   0x0000002c   Code   RO         2525    i.fs_spif_read      fs.o
    0x11024d50   0x11024d50   0x00000040   Code   RO         2526    i.fs_spif_write     fs.o
    0x11024d90   0x11024d90   0x00000032   Code   RO         5231    i.gapAddAddrAdj     ble_host.lib(gap_configmgr.o)
    0x11024dc2   0x11024dc2   0x00000002   PAD
    0x11024dc4   0x11024dc4   0x00000054   Code   RO         5345    i.gapAllocAdvRecs   ble_host.lib(gap_peridevmgr.o)
    0x11024e18   0x11024e18   0x00000048   Code   RO         5177    i.gapAllocScanRecs  ble_host.lib(gap_centdevmgr.o)
    0x11024e60   0x11024e60   0x0000017c   Code   RO         2659    i.gapBondMgrAddBond  gapbondmgr.o
    0x11024fdc   0x11024fdc   0x00000114   Code   RO         2660    i.gapBondMgrAuthenticate  gapbondmgr.o
    0x110250f0   0x110250f0   0x0000004e   Code   RO         2661    i.gapBondMgrBondReq  gapbondmgr.o
    0x1102513e   0x1102513e   0x00000002   PAD
    0x11025140   0x11025140   0x00000030   Code   RO         2662    i.gapBondMgrBondTotal  gapbondmgr.o
    0x11025170   0x11025170   0x00000058   Code   RO         2663    i.gapBondMgrChangeState  gapbondmgr.o
    0x110251c8   0x110251c8   0x00000018   Code   RO         2664    i.gapBondMgrEraseAllBondings  gapbondmgr.o
    0x110251e0   0x110251e0   0x000000be   Code   RO         2665    i.gapBondMgrEraseBonding  gapbondmgr.o
    0x1102529e   0x1102529e   0x00000002   PAD
    0x110252a0   0x110252a0   0x00000030   Code   RO         2666    i.gapBondMgrFindAddr  gapbondmgr.o
    0x110252d0   0x110252d0   0x0000001c   Code   RO         2667    i.gapBondMgrFindCharCfgItem  gapbondmgr.o
    0x110252ec   0x110252ec   0x00000036   Code   RO         2668    i.gapBondMgrGetPublicAddr  gapbondmgr.o
    0x11025322   0x11025322   0x00000024   Code   RO         2669    i.gapBondMgrGetStateFlags  gapbondmgr.o
    0x11025346   0x11025346   0x0000001c   Code   RO         2670    i.gapBondMgrInvertCharCfgItem  gapbondmgr.o
    0x11025362   0x11025362   0x00000002   PAD
    0x11025364   0x11025364   0x0000005c   Code   RO         2671    i.gapBondMgrReadBonds  gapbondmgr.o
    0x110253c0   0x110253c0   0x00000014   Code   RO         2672    i.gapBondMgrSendServiceChange  gapbondmgr.o
    0x110253d4   0x110253d4   0x00000044   Code   RO         2673    i.gapBondMgrSlaveSecurityReq  gapbondmgr.o
    0x11025418   0x11025418   0x000000aa   Code   RO         2674    i.gapBondMgrUpdateCharCfg  gapbondmgr.o
    0x110254c2   0x110254c2   0x00000002   PAD
    0x110254c4   0x110254c4   0x00000080   Code   RO         2675    i.gapBondMgr_SyncCharCfg  gapbondmgr.o
    0x11025544   0x11025544   0x00000034   Code   RO         2676    i.gapBondMgr_SyncWhiteList  gapbondmgr.o
    0x11025578   0x11025578   0x00000054   Code   RO         2677    i.gapBondRecvEvt    gapbondmgr.o
    0x110255cc   0x110255cc   0x00000020   Code   RO         2678    i.gapBondSetupPrivFlag  gapbondmgr.o
    0x110255ec   0x110255ec   0x0000003c   Code   RO         5210    i.gapCancelLinkReq  ble_host.lib(gap_centlinkmgr.o)
    0x11025628   0x11025628   0x0000002c   Code   RO         5178    i.gapCentProcessHCICmdEvt  ble_host.lib(gap_centdevmgr.o)
    0x11025654   0x11025654   0x00000070   Code   RO          817    i.gapCentralRole_ProcessGAPMsg  central.o
    0x110256c4   0x110256c4   0x00000080   Code   RO          818    i.gapCentralRole_ProcessOSALMsg  central.o
    0x11025744   0x11025744   0x00000028   Code   RO          819    i.gapCentralRole_RssiFind  central.o
    0x1102576c   0x1102576c   0x00000028   Code   RO          820    i.gapCentralRole_timerCB  central.o
    0x11025794   0x11025794   0x0000001e   Code   RO         5232    i.gapDetermineAddrType  ble_host.lib(gap_configmgr.o)
    0x110257b2   0x110257b2   0x00000048   Code   RO         5273    i.gapFindADType     ble_host.lib(gap_devmgr.o)
    0x110257fa   0x110257fa   0x00000002   PAD
    0x110257fc   0x110257fc   0x0000004c   Code   RO         5179    i.gapFindScanRec    ble_host.lib(gap_centdevmgr.o)
    0x11025848   0x11025848   0x00000018   Code   RO         5350    i.gapFreeAdvertState  ble_host.lib(gap_peridevmgr.o)
    0x11025860   0x11025860   0x00000040   Code   RO         5295    i.gapFreeAuthLink   ble_host.lib(gap_linkmgr.o)
    0x110258a0   0x110258a0   0x00000018   Code   RO         5296    i.gapFreeEstLink    ble_host.lib(gap_linkmgr.o)
    0x110258b8   0x110258b8   0x00000084   Code   RO         5180    i.gapFreeScanRecs   ble_host.lib(gap_centdevmgr.o)
    0x1102593c   0x1102593c   0x0000001c   Code   RO         5233    i.gapGetDevAddress  ble_host.lib(gap_configmgr.o)
    0x11025958   0x11025958   0x0000000c   Code   RO         5234    i.gapGetDevAddressMode  ble_host.lib(gap_configmgr.o)
    0x11025964   0x11025964   0x0000000c   Code   RO         5235    i.gapGetIRK         ble_host.lib(gap_configmgr.o)
    0x11025970   0x11025970   0x0000000c   Code   RO         5236    i.gapGetSRK         ble_host.lib(gap_configmgr.o)
    0x1102597c   0x1102597c   0x0000000c   Code   RO         5237    i.gapGetSignCounter  ble_host.lib(gap_configmgr.o)
    0x11025988   0x11025988   0x00000028   Code   RO         5238    i.gapIncSignCounter  ble_host.lib(gap_configmgr.o)
    0x110259b0   0x110259b0   0x00000010   Code   RO         5274    i.gapIsAdvertising  ble_host.lib(gap_devmgr.o)
    0x110259c0   0x110259c0   0x00000010   Code   RO         5275    i.gapIsScanning     ble_host.lib(gap_devmgr.o)
    0x110259d0   0x110259d0   0x0000012c   Code   RO         5297    i.gapPairingCompleteCB  ble_host.lib(gap_linkmgr.o)
    0x11025afc   0x11025afc   0x00000064   Code   RO         5298    i.gapPasskeyNeededCB  ble_host.lib(gap_linkmgr.o)
    0x11025b60   0x11025b60   0x00000090   Code   RO         5351    i.gapPeriProcessHCICmdCompleteEvt  ble_host.lib(gap_peridevmgr.o)
    0x11025bf0   0x11025bf0   0x0000013c   Code   RO         5181    i.gapProcessAdvertDevInfo  ble_host.lib(gap_centdevmgr.o)
    0x11025d2c   0x11025d2c   0x00000080   Code   RO         5352    i.gapProcessAdvertisingEvt  ble_host.lib(gap_peridevmgr.o)
    0x11025dac   0x11025dac   0x00000044   Code   RO         5182    i.gapProcessConnEvt  ble_host.lib(gap_centdevmgr.o)
    0x11025df0   0x11025df0   0x00000014   Code   RO         5211    i.gapProcessConnUpdateCmdStatus  ble_host.lib(gap_centlinkmgr.o)
    0x11025e04   0x11025e04   0x00000014   Code   RO         5299    i.gapProcessConnUpdateCompleteEvt  ble_host.lib(gap_linkmgr.o)
    0x11025e18   0x11025e18   0x000000e0   Code   RO         5300    i.gapProcessConnectionCompleteEvt  ble_host.lib(gap_linkmgr.o)
    0x11025ef8   0x11025ef8   0x00000034   Code   RO         5212    i.gapProcessCreateLLConnCmdStatus  ble_host.lib(gap_centlinkmgr.o)
    0x11025f2c   0x11025f2c   0x00000070   Code   RO         5301    i.gapProcessDisconnectCompleteEvt  ble_host.lib(gap_linkmgr.o)
    0x11025f9c   0x11025f9c   0x000000c0   Code   RO         5397    i.gapProcessHCICmdCompleteEvt  ble_host.lib(gap_task.o)
    0x1102605c   0x1102605c   0x0000005e   Code   RO         5213    i.gapProcessL2CAPSignalEvt  ble_host.lib(gap_centlinkmgr.o)
    0x110260ba   0x110260ba   0x00000002   PAD
    0x110260bc   0x110260bc   0x0000002c   Code   RO         5239    i.gapProcessNewAddr  ble_host.lib(gap_configmgr.o)
    0x110260e8   0x110260e8   0x000000d4   Code   RO         5398    i.gapProcessOSALMsg  ble_host.lib(gap_task.o)
    0x110261bc   0x110261bc   0x0000006c   Code   RO         5240    i.gapProcessRandomAddrComplete  ble_host.lib(gap_configmgr.o)
    0x11026228   0x11026228   0x00000060   Code   RO         5183    i.gapProcessScanningEvt  ble_host.lib(gap_centdevmgr.o)
    0x11026288   0x11026288   0x00000044   Code   RO         5241    i.gapReadBD_ADDRStatus  ble_host.lib(gap_configmgr.o)
    0x110262cc   0x110262cc   0x0000003c   Code   RO         5242    i.gapReadBufSizeCmdStatus  ble_host.lib(gap_configmgr.o)
    0x11026308   0x11026308   0x0000000c   Code   RO         5399    i.gapRegisterCentral  ble_host.lib(gap_task.o)
    0x11026314   0x11026314   0x0000000c   Code   RO         5302    i.gapRegisterCentralConn  ble_host.lib(gap_linkmgr.o)
    0x11026320   0x11026320   0x0000000c   Code   RO         5400    i.gapRegisterPeripheral  ble_host.lib(gap_task.o)
    0x1102632c   0x1102632c   0x000001e8   Code   RO         3641    i.gapRole_ProcessGAPMsg  peripheral.o
    0x11026514   0x11026514   0x000000b0   Code   RO         3642    i.gapRole_ProcessOSALMsg  peripheral.o
    0x110265c4   0x110265c4   0x0000005c   Code   RO         3643    i.gapRole_startConnUpdate  peripheral.o
    0x11026620   0x11026620   0x00000044   Code   RO         5303    i.gapSendBondCompleteEvent  ble_host.lib(gap_linkmgr.o)
    0x11026664   0x11026664   0x000000d0   Code   RO         5184    i.gapSendDevDiscEvent  ble_host.lib(gap_centdevmgr.o)
    0x11026734   0x11026734   0x00000068   Code   RO         5185    i.gapSendDeviceInfoEvent  ble_host.lib(gap_centdevmgr.o)
    0x1102679c   0x1102679c   0x00000048   Code   RO         5243    i.gapSendDeviceInitDoneEvent  ble_host.lib(gap_configmgr.o)
    0x110267e4   0x110267e4   0x00000048   Code   RO         5304    i.gapSendLinkUpdateEvent  ble_host.lib(gap_linkmgr.o)
    0x1102682c   0x1102682c   0x0000003c   Code   RO         5353    i.gapSendMakeDiscEvent  ble_host.lib(gap_peridevmgr.o)
    0x11026868   0x11026868   0x0000005c   Code   RO         5305    i.gapSendPairingReqEvent  ble_host.lib(gap_linkmgr.o)
    0x110268c4   0x110268c4   0x0000001c   Code   RO         5186    i.gapSendScanEnable  ble_host.lib(gap_centdevmgr.o)
    0x110268e0   0x110268e0   0x0000003a   Code   RO         5244    i.gapSendSlaveSecurityReqEvent  ble_host.lib(gap_configmgr.o)
    0x1102691a   0x1102691a   0x00000002   PAD
    0x1102691c   0x1102691c   0x00000088   Code   RO         5354    i.gapSetAdvParams   ble_host.lib(gap_peridevmgr.o)
    0x110269a4   0x110269a4   0x0000002c   Code   RO         5355    i.gapSetAdvParamsStatus  ble_host.lib(gap_peridevmgr.o)
    0x110269d0   0x110269d0   0x00000050   Code   RO         5187    i.gapSetScanParamStatus  ble_host.lib(gap_centdevmgr.o)
    0x11026a20   0x11026a20   0x00000008   Code   RO         5214    i.gapTerminateConnComplete  ble_host.lib(gap_centlinkmgr.o)
    0x11026a28   0x11026a28   0x00000052   Code   RO         5245    i.gapUpdateConnSignCounter  ble_host.lib(gap_configmgr.o)
    0x11026a7a   0x11026a7a   0x00000012   Code   RO         5276    i.gapValidADType    ble_host.lib(gap_devmgr.o)
    0x11026a8c   0x11026a8c   0x00000030   Code   RO         5356    i.gapWriteAdvDataStatus  ble_host.lib(gap_peridevmgr.o)
    0x11026abc   0x11026abc   0x000000b8   Code   RO         5357    i.gapWriteAdvEnableStatus  ble_host.lib(gap_peridevmgr.o)
    0x11026b74   0x11026b74   0x00000080   Code   RO         5438    i.gattClientHandleConnStatusCB  ble_host.lib(gatt_client.o)
    0x11026bf4   0x11026bf4   0x00000036   Code   RO         5439    i.gattClientHandleTimerCB  ble_host.lib(gatt_client.o)
    0x11026c2a   0x11026c2a   0x00000002   PAD
    0x11026c2c   0x11026c2c   0x000000ec   Code   RO         5440    i.gattClientProcessMsgCB  ble_host.lib(gatt_client.o)
    0x11026d18   0x11026d18   0x0000002c   Code   RO         5441    i.gattFindClientInfo  ble_host.lib(gatt_client.o)
    0x11026d44   0x11026d44   0x00000024   Code   RO         5518    i.gattFindServerInfo  ble_host.lib(gatt_server.o)
    0x11026d68   0x11026d68   0x0000002c   Code   RO         5442    i.gattGetClientStatus  ble_host.lib(gatt_client.o)
    0x11026d94   0x11026d94   0x0000002c   Code   RO         5519    i.gattGetServerStatus  ble_host.lib(gatt_server.o)
    0x11026dc0   0x11026dc0   0x00000052   Code   RO         5574    i.gattNotifyEvent   ble_host.lib(gatt_task.o)
    0x11026e12   0x11026e12   0x00000002   PAD
    0x11026e14   0x11026e14   0x0000001c   Code   RO         5520    i.gattProcessExchangeMTUReq  ble_host.lib(gatt_server.o)
    0x11026e30   0x11026e30   0x00000004   Code   RO         5521    i.gattProcessExecuteWriteReq  ble_host.lib(gatt_server.o)
    0x11026e34   0x11026e34   0x0000002c   Code   RO         5522    i.gattProcessFindByTypeValueReq  ble_host.lib(gatt_server.o)
    0x11026e60   0x11026e60   0x00000068   Code   RO         5443    i.gattProcessFindInfo  ble_host.lib(gatt_client.o)
    0x11026ec8   0x11026ec8   0x000000e8   Code   RO         5523    i.gattProcessFindInfoReq  ble_host.lib(gatt_server.o)
    0x11026fb0   0x11026fb0   0x00000144   Code   RO         5444    i.gattProcessMultiReqs  ble_host.lib(gatt_client.o)
    0x110270f4   0x110270f4   0x00000070   Code   RO         5445    i.gattProcessReadByGrpType  ble_host.lib(gatt_client.o)
    0x11027164   0x11027164   0x00000048   Code   RO         5524    i.gattProcessReadByGrpTypeReq  ble_host.lib(gatt_server.o)
    0x110271ac   0x110271ac   0x00000170   Code   RO         5446    i.gattProcessReadByType  ble_host.lib(gatt_client.o)
    0x1102731c   0x1102731c   0x0000002c   Code   RO         5525    i.gattProcessReadByTypeReq  ble_host.lib(gatt_server.o)
    0x11027348   0x11027348   0x00000048   Code   RO         5526    i.gattProcessReadMultiReq  ble_host.lib(gatt_server.o)
    0x11027390   0x11027390   0x0000001e   Code   RO         5527    i.gattProcessReadReq  ble_host.lib(gatt_server.o)
    0x110273ae   0x110273ae   0x00000002   PAD
    0x110273b0   0x110273b0   0x0000009c   Code   RO         5447    i.gattProcessReliableWrites  ble_host.lib(gatt_client.o)
    0x1102744c   0x1102744c   0x00000094   Code   RO         5575    i.gattProcessRxData  ble_host.lib(gatt_task.o)
    0x110274e0   0x110274e0   0x000000ac   Code   RO         5448    i.gattProcessWriteLong  ble_host.lib(gatt_client.o)
    0x1102758c   0x1102758c   0x00000022   Code   RO         5528    i.gattProcessWriteReq  ble_host.lib(gatt_server.o)
    0x110275ae   0x110275ae   0x00000002   PAD
    0x110275b0   0x110275b0   0x00000068   Code   RO         5450    i.gattReadByType    ble_host.lib(gatt_client.o)
    0x11027618   0x11027618   0x0000000c   Code   RO         5576    i.gattRegisterClient  ble_host.lib(gatt_task.o)
    0x11027624   0x11027624   0x0000000c   Code   RO         5577    i.gattRegisterServer  ble_host.lib(gatt_task.o)
    0x11027630   0x11027630   0x00000044   Code   RO         5452    i.gattResetClientInfo  ble_host.lib(gatt_client.o)
    0x11027674   0x11027674   0x00000010   Code   RO         5529    i.gattResetServerInfo  ble_host.lib(gatt_server.o)
    0x11027684   0x11027684   0x0000000e   Code   RO         2949    i.gattServApp_FindAuthorizeAttrCB  gattservapp.o
    0x11027692   0x11027692   0x0000001c   Code   RO         2950    i.gattServApp_FindCharCfgItem  gattservapp.o
    0x110276ae   0x110276ae   0x00000002   PAD
    0x110276b0   0x110276b0   0x00000024   Code   RO         2951    i.gattServApp_FindPrepareWriteQ  gattservapp.o
    0x110276d4   0x110276d4   0x00000020   Code   RO         2952    i.gattServApp_FindServiceCBs  gattservapp.o
    0x110276f4   0x110276f4   0x0000005c   Code   RO         2953    i.gattServApp_HandleConnStatusCB  gattservapp.o
    0x11027750   0x11027750   0x00000088   Code   RO         2954    i.gattServApp_ProcessExecuteWriteReq  gattservapp.o
    0x110277d8   0x110277d8   0x000000f4   Code   RO         2955    i.gattServApp_ProcessFindByTypeValueReq  gattservapp.o
    0x110278cc   0x110278cc   0x0000015c   Code   RO         2956    i.gattServApp_ProcessMsg  gattservapp.o
    0x11027a28   0x11027a28   0x000000a0   Code   RO         2957    i.gattServApp_ProcessPrepareWriteReq  gattservapp.o
    0x11027ac8   0x11027ac8   0x00000158   Code   RO         2958    i.gattServApp_ProcessReadByGrpTypeReq  gattservapp.o
    0x11027c20   0x11027c20   0x00000140   Code   RO         2959    i.gattServApp_ProcessReadByTypeReq  gattservapp.o
    0x11027d60   0x11027d60   0x000000e0   Code   RO         2960    i.gattServApp_ProcessReadMultiReq  gattservapp.o
    0x11027e40   0x11027e40   0x0000007a   Code   RO         2961    i.gattServApp_ProcessWriteReq  gattservapp.o
    0x11027eba   0x11027eba   0x00000002   PAD
    0x11027ebc   0x11027ebc   0x00000078   Code   RO         2963    i.gattServApp_SetNumPrepareWrites  gattservapp.o
    0x11027f34   0x11027f34   0x00000034   Code   RO         2964    i.gattServApp_WriteAttrCB  gattservapp.o
    0x11027f68   0x11027f68   0x00000080   Code   RO         5530    i.gattServerHandleConnStatusCB  ble_host.lib(gatt_server.o)
    0x11027fe8   0x11027fe8   0x0000002a   Code   RO         5531    i.gattServerHandleTimerCB  ble_host.lib(gatt_server.o)
    0x11028012   0x11028012   0x00000002   PAD
    0x11028014   0x11028014   0x000000d0   Code   RO         5532    i.gattServerProcessMsgCB  ble_host.lib(gatt_server.o)
    0x110280e4   0x110280e4   0x00000018   Code   RO         5533    i.gattServiceLastHandle  ble_host.lib(gatt_server.o)
    0x110280fc   0x110280fc   0x0000000e   Code   RO         5578    i.gattStartTimer    ble_host.lib(gatt_task.o)
    0x1102810a   0x1102810a   0x0000001a   Code   RO         5579    i.gattStopTimer     ble_host.lib(gatt_task.o)
    0x11028124   0x11028124   0x00000040   Code   RO         5453    i.gattStoreClientInfo  ble_host.lib(gatt_client.o)
    0x11028164   0x11028164   0x0000004c   Code   RO         5454    i.gattWrite         ble_host.lib(gatt_client.o)
    0x110281b0   0x110281b0   0x00000098   Code   RO         6060    i.generate_subkey   ble_host.lib(sm_mgr.o)
    0x11028248   0x11028248   0x000000c2   Code   RO         2854    i.ggs_ReadAttrCB    gapgattserver.o
    0x1102830a   0x1102830a   0x00000058   Code   RO         2855    i.ggs_SetAttrWPermit  gapgattserver.o
    0x11028362   0x11028362   0x00000002   PAD
    0x11028364   0x11028364   0x000000e4   Code   RO         2856    i.ggs_WriteAttrCB   gapgattserver.o
    0x11028448   0x11028448   0x0000003c   Code   RO         1066    i.hal_DMA_IRQHandler  dma.o
    0x11028484   0x11028484   0x00000018   Code   RO         3161    i.hal_GPIO_IRQHandler  gpio.o
    0x1102849c   0x1102849c   0x0000002c   Code   RO         4304    i.hal_SPI0_IRQHandler  spi.o
    0x110284c8   0x110284c8   0x0000002c   Code   RO         4305    i.hal_SPI1_IRQHandler  spi.o
    0x110284f4   0x110284f4   0x00000024   Code   RO         4682    i.hal_TIMER5_IRQHandler  timer.o
    0x11028518   0x11028518   0x00000024   Code   RO         4683    i.hal_TIMER6_IRQHandler  timer.o
    0x1102853c   0x1102853c   0x00000044   Code   RO         4776    i.hal_UART1_IRQHandler  uart.o
    0x11028580   0x11028580   0x00000034   Code   RO          980    i.hal_clk_gate_disable  clock.o
    0x110285b4   0x110285b4   0x00000034   Code   RO          981    i.hal_clk_gate_enable  clock.o
    0x110285e8   0x110285e8   0x0000007a   Code   RO          984    i.hal_clk_reset     clock.o
    0x11028662   0x11028662   0x00000002   PAD
    0x11028664   0x11028664   0x00000070   Code   RO         1073    i.hal_dma_stop_channel  dma.o
    0x110286d4   0x110286d4   0x00000108   Code   RO         2528    i.hal_fs_garbage_collect  fs.o
    0x110287dc   0x110287dc   0x00000048   Code   RO         2529    i.hal_fs_get_free_size  fs.o
    0x11028824   0x11028824   0x00000038   Code   RO         2530    i.hal_fs_get_garbage_size  fs.o
    0x1102885c   0x1102885c   0x000000a4   Code   RO         2533    i.hal_fs_item_del   fs.o
    0x11028900   0x11028900   0x00000024   Code   RO         2534    i.hal_fs_item_find_id  fs.o
    0x11028924   0x11028924   0x000000ac   Code   RO         2535    i.hal_fs_item_read  fs.o
    0x110289d0   0x110289d0   0x00000148   Code   RO         2536    i.hal_fs_item_write  fs.o
    0x11028b18   0x11028b18   0x00000030   Code   RO         3162    i.hal_gpio_cfg_analog_io  gpio.o
    0x11028b48   0x11028b48   0x0000001c   Code   RO         3166    i.hal_gpio_fmux     gpio.o
    0x11028b64   0x11028b64   0x00000038   Code   RO         3167    i.hal_gpio_fmux_set  gpio.o
    0x11028b9c   0x11028b9c   0x0000005c   Code   RO         3168    i.hal_gpio_init     gpio.o
    0x11028bf8   0x11028bf8   0x00000040   Code   RO         3169    i.hal_gpio_interrupt_enable  gpio.o
    0x11028c38   0x11028c38   0x0000001c   Code   RO         3170    i.hal_gpio_pin2pin3_control  gpio.o
    0x11028c54   0x11028c54   0x00000060   Code   RO         3171    i.hal_gpio_pin_init  gpio.o
    0x11028cb4   0x11028cb4   0x00000044   Code   RO         3172    i.hal_gpio_pull_set  gpio.o
    0x11028cf8   0x11028cf8   0x00000024   Code   RO         3173    i.hal_gpio_read     gpio.o
    0x11028d1c   0x11028d1c   0x0000005c   Code   RO         3174    i.hal_gpio_retention_enable  gpio.o
    0x11028d78   0x11028d78   0x00000048   Code   RO         3175    i.hal_gpio_sleep_handler  gpio.o
    0x11028dc0   0x11028dc0   0x00000044   Code   RO         3176    i.hal_gpio_wakeup_control  gpio.o
    0x11028e04   0x11028e04   0x00000088   Code   RO         3177    i.hal_gpio_wakeup_handler  gpio.o
    0x11028e8c   0x11028e8c   0x00000078   Code   RO         3178    i.hal_gpio_wakeup_set  gpio.o
    0x11028f04   0x11028f04   0x00000024   Code   RO         3179    i.hal_gpio_write    gpio.o
    0x11028f28   0x11028f28   0x00000048   Code   RO         3180    i.hal_gpioin_disable  gpio.o
    0x11028f70   0x11028f70   0x00000064   Code   RO         3181    i.hal_gpioin_enable  gpio.o
    0x11028fd4   0x11028fd4   0x00000068   Code   RO         3182    i.hal_gpioin_event  gpio.o
    0x1102903c   0x1102903c   0x00000024   Code   RO         3183    i.hal_gpioin_event_pin  gpio.o
    0x11029060   0x11029060   0x00000040   Code   RO         3184    i.hal_gpioin_register  gpio.o
    0x110290a0   0x110290a0   0x00000024   Code   RO         3187    i.hal_gpioretention_register  gpio.o
    0x110290c4   0x110290c4   0x00000070   Code   RO         1478    i.hal_init          ec_core.o
    0x11029134   0x11029134   0x00000088   Code   RO         1479    i.hal_rfphy_init    ec_core.o
    0x110291bc   0x110291bc   0x00000084   Code   RO          986    i.hal_rtc_clock_config  clock.o
    0x11029240   0x11029240   0x0000000e   Code   RO          987    i.hal_system_soft_reset  clock.o
    0x1102924e   0x1102924e   0x00000002   PAD
    0x11029250   0x11029250   0x00000064   Code   RO         4779    i.hal_uart_init     uart.o
    0x110292b4   0x110292b4   0x00000020   Code   RO         4780    i.hal_uart_send_buff  uart.o
    0x110292d4   0x110292d4   0x00000048   Code   RO         4782    i.hal_uart_set_tx_buf  uart.o
    0x1102931c   0x1102931c   0x00000014   Code   RO         4883    i.hal_watchdog_sleep_handler  watchdog.o
    0x11029330   0x11029330   0x0000000a   Code   RO         4884    i.hal_watchdog_wakeup_handler  watchdog.o
    0x1102933a   0x1102933a   0x00000002   PAD
    0x1102933c   0x1102933c   0x00000044   Code   RO         3525    i.handleConnStatusCB  ota_app_service.o
    0x11029380   0x11029380   0x00000060   Code   RO         4783    i.irq_rx_handler    uart.o
    0x110293e0   0x110293e0   0x0000009c   Code   RO         4784    i.irq_tx_empty_handler  uart.o
    0x1102947c   0x1102947c   0x0000002c   Code   RO         5358    i.isLimitedDiscoverableMode  ble_host.lib(gap_peridevmgr.o)
    0x110294a8   0x110294a8   0x00000038   Code   RO         5991    i.l2capAllocChannel  ble_host.lib(l2cap_util.o)
    0x110294e0   0x110294e0   0x0000002c   Code   RO         5995    i.l2capBuildParamUpdateReq  ble_host.lib(l2cap_util.o)
    0x1102950c   0x1102950c   0x000000b0   Code   RO         5996    i.l2capEncapSendData  ble_host.lib(l2cap_util.o)
    0x110295bc   0x110295bc   0x00000030   Code   RO         5997    i.l2capFindLocalId  ble_host.lib(l2cap_util.o)
    0x110295ec   0x110295ec   0x00000008   Code   RO         5998    i.l2capFreeChannel  ble_host.lib(l2cap_util.o)
    0x110295f4   0x110295f4   0x00000002   Code   RO         5999    i.l2capHandleRxError  ble_host.lib(l2cap_util.o)
    0x110295f6   0x110295f6   0x00000028   Code   RO         6000    i.l2capHandleTimerCB  ble_host.lib(l2cap_util.o)
    0x1102961e   0x1102961e   0x00000046   Code   RO         6001    i.l2capNotifyData   ble_host.lib(l2cap_util.o)
    0x11029664   0x11029664   0x0000004e   Code   RO         6002    i.l2capNotifySignal  ble_host.lib(l2cap_util.o)
    0x110296b2   0x110296b2   0x00000042   Code   RO         6003    i.l2capParseCmdReject  ble_host.lib(l2cap_util.o)
    0x110296f4   0x110296f4   0x000001a0   Code   RO         6006    i.l2capParsePacket  ble_host.lib(l2cap_util.o)
    0x11029894   0x11029894   0x00000016   Code   RO         6007    i.l2capParseParamUpdateRsp  ble_host.lib(l2cap_util.o)
    0x110298aa   0x110298aa   0x00000014   Code   RO         6008    i.l2capParseSignalHdr  ble_host.lib(l2cap_util.o)
    0x110298be   0x110298be   0x00000002   PAD
    0x110298c0   0x110298c0   0x00000104   Code   RO         6009    i.l2capPktToSegmentBuff  ble_host.lib(l2cap_util.o)
    0x110299c4   0x110299c4   0x00000068   Code   RO         5629    i.l2capProcessRsp   ble_host.lib(l2cap_task.o)
    0x11029a2c   0x11029a2c   0x00000094   Code   RO         5630    i.l2capProcessRxData  ble_host.lib(l2cap_task.o)
    0x11029ac0   0x11029ac0   0x000000a8   Code   RO         5631    i.l2capProcessSignal  ble_host.lib(l2cap_task.o)
    0x11029b68   0x11029b68   0x00000058   Code   RO         6010    i.l2capSarBufReset  ble_host.lib(l2cap_util.o)
    0x11029bc0   0x11029bc0   0x00000060   Code   RO         6011    i.l2capSendCmd      ble_host.lib(l2cap_util.o)
    0x11029c20   0x11029c20   0x0000007c   Code   RO         6012    i.l2capSendReq      ble_host.lib(l2cap_util.o)
    0x11029c9c   0x11029c9c   0x00000010   Code   RO         6013    i.l2capStopTimer    ble_host.lib(l2cap_util.o)
    0x11029cac   0x11029cac   0x0000001c   Code   RO         6061    i.leftshift_onebit  ble_host.lib(sm_mgr.o)
    0x11029cc8   0x11029cc8   0x00000058   Code   RO         5643    i.linkDB_Add        ble_host.lib(linkdb.o)
    0x11029d20   0x11029d20   0x0000004c   Code   RO         5644    i.linkDB_Authen     ble_host.lib(linkdb.o)
    0x11029d6c   0x11029d6c   0x00000028   Code   RO         5645    i.linkDB_Find       ble_host.lib(linkdb.o)
    0x11029d94   0x11029d94   0x00000038   Code   RO         5646    i.linkDB_FindFirst  ble_host.lib(linkdb.o)
    0x11029dcc   0x11029dcc   0x0000003c   Code   RO         5647    i.linkDB_Init       ble_host.lib(linkdb.o)
    0x11029e08   0x11029e08   0x00000024   Code   RO         5648    i.linkDB_NumActive  ble_host.lib(linkdb.o)
    0x11029e2c   0x11029e2c   0x0000002c   Code   RO         5649    i.linkDB_PerformFunc  ble_host.lib(linkdb.o)
    0x11029e58   0x11029e58   0x00000024   Code   RO         5650    i.linkDB_Register   ble_host.lib(linkdb.o)
    0x11029e7c   0x11029e7c   0x00000036   Code   RO         5651    i.linkDB_Remove     ble_host.lib(linkdb.o)
    0x11029eb2   0x11029eb2   0x00000002   PAD
    0x11029eb4   0x11029eb4   0x00000024   Code   RO         5652    i.linkDB_State      ble_host.lib(linkdb.o)
    0x11029ed8   0x11029ed8   0x0000007c   Code   RO         3526    i.load_ota_version  ota_app_service.o
    0x11029f54   0x11029f54   0x00000268   Code   RO         3386    i.log_vsprintf      my_printf.o
    0x1102a1bc   0x1102a1bc   0x0000001c   Code   RO         4885    i.lxl_Watchdog_Init_func  watchdog.o
    0x1102a1d8   0x1102a1d8   0x000000c4   Code   RO         4061    i.notify_cfg        simpleblecentral.o
    0x1102a29c   0x1102a29c   0x00000168   Code   RO         3388    i.number            my_printf.o
    0x1102a404   0x1102a404   0x000000e0   Code   RO         3453    i.osalInitTasks     osal_simpleble.o
    0x1102a4e4   0x1102a4e4   0x00000004   Code   RO         3487    i.osal_snv_compact  osal_snv.o
    0x1102a4e8   0x1102a4e8   0x00000016   Code   RO         3489    i.osal_snv_read     osal_snv.o
    0x1102a4fe   0x1102a4fe   0x00000002   PAD
    0x1102a500   0x1102a500   0x00000048   Code   RO         3490    i.osal_snv_write    osal_snv.o
    0x1102a548   0x1102a548   0x00000028   Code   RO         3527    i.ota_ReadAttrCB    ota_app_service.o
    0x1102a570   0x1102a570   0x000000a8   Code   RO         3528    i.ota_WriteAttrCB   ota_app_service.o
    0x1102a618   0x1102a618   0x0000005c   Code   RO         3529    i.ota_app_AddService  ota_app_service.o
    0x1102a674   0x1102a674   0x00000014   Code   RO         3531    i.ota_disconnect_link  ota_app_service.o
    0x1102a688   0x1102a688   0x0000006c   Code   RO         4241    i.peripheralStateNotificationCB  simplebleperipheral.o
    0x1102a6f4   0x1102a6f4   0x00000002   Code   RO         4242    i.peripheralStateReadRssiCB  simplebleperipheral.o
    0x1102a6f6   0x1102a6f6   0x00000002   PAD
    0x1102a6f8   0x1102a6f8   0x0000025c   Code   RO         3534    i.process_cmd       ota_app_service.o
    0x1102a954   0x1102a954   0x00000028   Code   RO         5654    i.reportStatusChange  ble_host.lib(linkdb.o)
    0x1102a97c   0x1102a97c   0x0000002e   Code   RO         3535    i.response          ota_app_service.o
    0x1102a9aa   0x1102a9aa   0x00000036   Code   RO         3536    i.response_rsp      ota_app_service.o
    0x1102a9e0   0x1102a9e0   0x000000ec   Code   RO         5306    i.sendAuthEvent     ble_host.lib(gap_linkmgr.o)
    0x1102aacc   0x1102aacc   0x0000005a   Code   RO         5307    i.sendEstLinkEvent  ble_host.lib(gap_linkmgr.o)
    0x1102ab26   0x1102ab26   0x00000002   PAD
    0x1102ab28   0x1102ab28   0x0000004c   Code   RO         3537    i.sendNotify        ota_app_service.o
    0x1102ab74   0x1102ab74   0x0000002a   Code   RO         5308    i.sendTerminateEvent  ble_host.lib(gap_linkmgr.o)
    0x1102ab9e   0x1102ab9e   0x00000002   PAD
    0x1102aba0   0x1102aba0   0x00000018   Code   RO         3538    i.set_ota_mode      ota_app_service.o
    0x1102abb8   0x1102abb8   0x00000058   Code   RO         5674    i.setupInitiatorKeys  ble_host.lib(sm_intpairing.o)
    0x1102ac10   0x1102ac10   0x000000d0   Code   RO         4062    i.simpleBLEAddDeviceInfo  simpleblecentral.o
    0x1102ace0   0x1102ace0   0x00000154   Code   RO         4063    i.simpleBLEAnalysisADVDATA  simpleblecentral.o
    0x1102ae34   0x1102ae34   0x00000214   Code   RO         4064    i.simpleBLECentralEventCB  simpleblecentral.o
    0x1102b048   0x1102b048   0x00000084   Code   RO         4065    i.simpleBLECentralPairStateCB  simpleblecentral.o
    0x1102b0cc   0x1102b0cc   0x0000002c   Code   RO         4066    i.simpleBLECentralPasscodeCB  simpleblecentral.o
    0x1102b0f8   0x1102b0f8   0x0000015c   Code   RO         4067    i.simpleBLECentralProcessGATTMsg  simpleblecentral.o
    0x1102b254   0x1102b254   0x00000020   Code   RO         4068    i.simpleBLECentralRssiCB  simpleblecentral.o
    0x1102b274   0x1102b274   0x000000cc   Code   RO         4069    i.simpleBLECentral_LinkDevice  simpleblecentral.o
    0x1102b340   0x1102b340   0x00000260   Code   RO         4070    i.simpleBLEGATTDiscoveryEvent  simpleblecentral.o
    0x1102b5a0   0x1102b5a0   0x00000002   Code   RO         4243    i.simpleProfileChangeCB  simplebleperipheral.o
    0x1102b5a2   0x1102b5a2   0x00000002   PAD
    0x1102b5a4   0x1102b5a4   0x00000030   Code   RO         3938    i.simpleProfile_HandleConnStatusCB  sbpprofile_ota.o
    0x1102b5d4   0x1102b5d4   0x0000005c   Code   RO         3940    i.simpleProfile_ReadAttrCB  sbpprofile_ota.o
    0x1102b630   0x1102b630   0x00000094   Code   RO         3941    i.simpleProfile_WriteAttrCB  sbpprofile_ota.o
    0x1102b6c4   0x1102b6c4   0x00000020   Code   RO         3389    i.skip_atoi         my_printf.o
    0x1102b6e4   0x1102b6e4   0x00000018   Code   RO         6062    i.smAuthReqToUint8  ble_host.lib(sm_mgr.o)
    0x1102b6fc   0x1102b6fc   0x0000002c   Code   RO         6113    i.smDetermineKeySize  ble_host.lib(sm_pairing.o)
    0x1102b728   0x1102b728   0x00000010   Code   RO         6063    i.smEncrypt         ble_host.lib(sm_mgr.o)
    0x1102b738   0x1102b738   0x00000008   Code   RO         6064    i.smEncryptLocal    ble_host.lib(sm_mgr.o)
    0x1102b740   0x1102b740   0x00000034   Code   RO         6114    i.smEndPairing      ble_host.lib(sm_pairing.o)
    0x1102b774   0x1102b774   0x0000005c   Code   RO         6115    i.smFreePairingParams  ble_host.lib(sm_pairing.o)
    0x1102b7d0   0x1102b7d0   0x0000002c   Code   RO         6116    i.smGenerateConfirm  ble_host.lib(sm_pairing.o)
    0x1102b7fc   0x1102b7fc   0x00000040   Code   RO         6117    i.smGeneratePairingReqRsp  ble_host.lib(sm_pairing.o)
    0x1102b83c   0x1102b83c   0x00000026   Code   RO         6065    i.smGenerateRandBuf  ble_host.lib(sm_mgr.o)
    0x1102b862   0x1102b862   0x00000002   PAD
    0x1102b864   0x1102b864   0x0000002c   Code   RO         6118    i.smGenerateRandMsg  ble_host.lib(sm_pairing.o)
    0x1102b890   0x1102b890   0x000001a4   Code   RO         5676    i.smInitiatorSendNextKeyInfo  ble_host.lib(sm_intpairing.o)
    0x1102ba34   0x1102ba34   0x00000020   Code   RO         6119    i.smLinkCheck       ble_host.lib(sm_pairing.o)
    0x1102ba54   0x1102ba54   0x00000040   Code   RO         6120    i.smNextPairingState  ble_host.lib(sm_pairing.o)
    0x1102ba94   0x1102ba94   0x00000014   Code   RO         6121    i.smPairingSendEncInfo  ble_host.lib(sm_pairing.o)
    0x1102baa8   0x1102baa8   0x00000028   Code   RO         6122    i.smPairingSendIdentityAddrInfo  ble_host.lib(sm_pairing.o)
    0x1102bad0   0x1102bad0   0x00000014   Code   RO         6123    i.smPairingSendIdentityInfo  ble_host.lib(sm_pairing.o)
    0x1102bae4   0x1102bae4   0x0000002c   Code   RO         6124    i.smPairingSendMasterID  ble_host.lib(sm_pairing.o)
    0x1102bb10   0x1102bb10   0x00000014   Code   RO         6125    i.smPairingSendSingingInfo  ble_host.lib(sm_pairing.o)
    0x1102bb24   0x1102bb24   0x0000009c   Code   RO         6126    i.smProcessDataMsg  ble_host.lib(sm_pairing.o)
    0x1102bbc0   0x1102bbc0   0x000000b4   Code   RO         6127    i.smProcessEncryptChange  ble_host.lib(sm_pairing.o)
    0x1102bc74   0x1102bc74   0x00000094   Code   RO         5735    i.smProcessOSALMsg  ble_host.lib(sm_task.o)
    0x1102bd08   0x1102bd08   0x00000058   Code   RO         6128    i.smProcessPairingReq  ble_host.lib(sm_pairing.o)
    0x1102bd60   0x1102bd60   0x0000007c   Code   RO         6067    i.smProcessRandComplete  ble_host.lib(sm_mgr.o)
    0x1102bddc   0x1102bddc   0x0000000c   Code   RO         6129    i.smRegisterInitiator  ble_host.lib(sm_pairing.o)
    0x1102bde8   0x1102bde8   0x0000000c   Code   RO         6130    i.smRegisterResponder  ble_host.lib(sm_pairing.o)
    0x1102bdf4   0x1102bdf4   0x000000e4   Code   RO         5704    i.smResponderProcessLTKReq  ble_host.lib(sm_rsppairing.o)
    0x1102bed8   0x1102bed8   0x000001b8   Code   RO         5705    i.smResponderSendNextKeyInfo  ble_host.lib(sm_rsppairing.o)
    0x1102c090   0x1102c090   0x0000016c   Code   RO         6131    i.smSavePairInfo    ble_host.lib(sm_pairing.o)
    0x1102c1fc   0x1102c1fc   0x00000024   Code   RO         6132    i.smSendFailAndEnd  ble_host.lib(sm_pairing.o)
    0x1102c220   0x1102c220   0x00000046   Code   RO         6171    i.smSendSMMsg       ble_host.lib(smp.o)
    0x1102c266   0x1102c266   0x00000002   PAD
    0x1102c268   0x1102c268   0x00000040   Code   RO         6133    i.smSetPairingReqRsp  ble_host.lib(sm_pairing.o)
    0x1102c2a8   0x1102c2a8   0x00000020   Code   RO         6134    i.smStartEncryption  ble_host.lib(sm_pairing.o)
    0x1102c2c8   0x1102c2c8   0x0000004c   Code   RO         6068    i.smStartRspTimer   ble_host.lib(sm_mgr.o)
    0x1102c314   0x1102c314   0x0000000a   Code   RO         5736    i.smState_timerCB   ble_host.lib(sm_task.o)
    0x1102c31e   0x1102c31e   0x00000002   PAD
    0x1102c320   0x1102c320   0x00000020   Code   RO         6069    i.smStopRspTimer    ble_host.lib(sm_mgr.o)
    0x1102c340   0x1102c340   0x0000000a   Code   RO         6135    i.smTimedOut        ble_host.lib(sm_pairing.o)
    0x1102c34a   0x1102c34a   0x0000000a   Code   RO         5737    i.smTo_timerCB      ble_host.lib(sm_task.o)
    0x1102c354   0x1102c354   0x0000002c   Code   RO         6070    i.smUint8ToAuthReq  ble_host.lib(sm_mgr.o)
    0x1102c380   0x1102c380   0x00000154   Code   RO         6071    i.sm_CMAC           ble_host.lib(sm_mgr.o)
    0x1102c4d4   0x1102c4d4   0x00000044   Code   RO         6072    i.sm_ah             ble_host.lib(sm_mgr.o)
    0x1102c518   0x1102c518   0x00000098   Code   RO         6136    i.sm_c1             ble_host.lib(sm_pairing.o)
    0x1102c5b0   0x1102c5b0   0x000000c2   Code   RO         6073    i.sm_c1new          ble_host.lib(sm_mgr.o)
    0x1102c672   0x1102c672   0x00000040   Code   RO         6076    i.sm_s1             ble_host.lib(sm_mgr.o)
    0x1102c6b2   0x1102c6b2   0x0000001a   Code   RO         6077    i.sm_xor            ble_host.lib(sm_mgr.o)
    0x1102c6cc   0x1102c6cc   0x00000022   Code   RO         6172    i.smpBuildEncInfo   ble_host.lib(smp.o)
    0x1102c6ee   0x1102c6ee   0x00000026   Code   RO         6173    i.smpBuildIdentityAddrInfo  ble_host.lib(smp.o)
    0x1102c714   0x1102c714   0x00000022   Code   RO         6174    i.smpBuildIdentityInfo  ble_host.lib(smp.o)
    0x1102c736   0x1102c736   0x0000002e   Code   RO         6175    i.smpBuildMasterID  ble_host.lib(smp.o)
    0x1102c764   0x1102c764   0x00000022   Code   RO         6176    i.smpBuildPairingConfirm  ble_host.lib(smp.o)
    0x1102c786   0x1102c786   0x00000018   Code   RO         6177    i.smpBuildPairingFailed  ble_host.lib(smp.o)
    0x1102c79e   0x1102c79e   0x00000022   Code   RO         6178    i.smpBuildPairingRandom  ble_host.lib(smp.o)
    0x1102c7c0   0x1102c7c0   0x0000000e   Code   RO         6179    i.smpBuildPairingReq  ble_host.lib(smp.o)
    0x1102c7ce   0x1102c7ce   0x00000084   Code   RO         6180    i.smpBuildPairingReqRsp  ble_host.lib(smp.o)
    0x1102c852   0x1102c852   0x0000000e   Code   RO         6181    i.smpBuildPairingRsp  ble_host.lib(smp.o)
    0x1102c860   0x1102c860   0x0000001e   Code   RO         6182    i.smpBuildSecurityReq  ble_host.lib(smp.o)
    0x1102c87e   0x1102c87e   0x00000022   Code   RO         6183    i.smpBuildSigningInfo  ble_host.lib(smp.o)
    0x1102c8a0   0x1102c8a0   0x00000050   Code   RO         5677    i.smpInitiatorProcessEncryptionInformation  ble_host.lib(sm_intpairing.o)
    0x1102c8f0   0x1102c8f0   0x00000048   Code   RO         5678    i.smpInitiatorProcessIdentityAddrInfo  ble_host.lib(sm_intpairing.o)
    0x1102c938   0x1102c938   0x00000044   Code   RO         5679    i.smpInitiatorProcessIdentityInfo  ble_host.lib(sm_intpairing.o)
    0x1102c97c   0x1102c97c   0x000000d4   Code   RO         5680    i.smpInitiatorProcessIncoming  ble_host.lib(sm_intpairing.o)
    0x1102ca50   0x1102ca50   0x00000064   Code   RO         5681    i.smpInitiatorProcessMasterID  ble_host.lib(sm_intpairing.o)
    0x1102cab4   0x1102cab4   0x0000007c   Code   RO         5682    i.smpInitiatorProcessPairingRandom  ble_host.lib(sm_intpairing.o)
    0x1102cb30   0x1102cb30   0x000000e0   Code   RO         5683    i.smpInitiatorProcessPairingRsp  ble_host.lib(sm_intpairing.o)
    0x1102cc10   0x1102cc10   0x00000050   Code   RO         5684    i.smpInitiatorProcessSigningInfo  ble_host.lib(sm_intpairing.o)
    0x1102cc60   0x1102cc60   0x0000001e   Code   RO         6184    i.smpParseEncInfo   ble_host.lib(smp.o)
    0x1102cc7e   0x1102cc7e   0x00000022   Code   RO         6185    i.smpParseIdentityAddrInfo  ble_host.lib(smp.o)
    0x1102cca0   0x1102cca0   0x0000001e   Code   RO         6186    i.smpParseIdentityInfo  ble_host.lib(smp.o)
    0x1102ccbe   0x1102ccbe   0x00000028   Code   RO         6187    i.smpParseMasterID  ble_host.lib(smp.o)
    0x1102cce6   0x1102cce6   0x0000001e   Code   RO         6188    i.smpParsePairingConfirm  ble_host.lib(smp.o)
    0x1102cd04   0x1102cd04   0x00000020   Code   RO         6189    i.smpParsePairingFailed  ble_host.lib(smp.o)
    0x1102cd24   0x1102cd24   0x0000001e   Code   RO         6190    i.smpParsePairingRandom  ble_host.lib(smp.o)
    0x1102cd42   0x1102cd42   0x00000002   PAD
    0x1102cd44   0x1102cd44   0x000000d4   Code   RO         6191    i.smpParsePairingReq  ble_host.lib(smp.o)
    0x1102ce18   0x1102ce18   0x0000001c   Code   RO         6192    i.smpParseSecurityReq  ble_host.lib(smp.o)
    0x1102ce34   0x1102ce34   0x0000001e   Code   RO         6193    i.smpParseSigningInfo  ble_host.lib(smp.o)
    0x1102ce52   0x1102ce52   0x00000002   PAD
    0x1102ce54   0x1102ce54   0x00000050   Code   RO         6137    i.smpProcessIncoming  ble_host.lib(sm_pairing.o)
    0x1102cea4   0x1102cea4   0x00000050   Code   RO         5706    i.smpResponderProcessEncryptionInformation  ble_host.lib(sm_rsppairing.o)
    0x1102cef4   0x1102cef4   0x00000048   Code   RO         5707    i.smpResponderProcessIdentityAddrInfo  ble_host.lib(sm_rsppairing.o)
    0x1102cf3c   0x1102cf3c   0x00000044   Code   RO         5708    i.smpResponderProcessIdentityInfo  ble_host.lib(sm_rsppairing.o)
    0x1102cf80   0x1102cf80   0x000000b4   Code   RO         5709    i.smpResponderProcessIncoming  ble_host.lib(sm_rsppairing.o)
    0x1102d034   0x1102d034   0x00000064   Code   RO         5710    i.smpResponderProcessMasterID  ble_host.lib(sm_rsppairing.o)
    0x1102d098   0x1102d098   0x0000004c   Code   RO         5711    i.smpResponderProcessPairingConfirm  ble_host.lib(sm_rsppairing.o)
    0x1102d0e4   0x1102d0e4   0x00000058   Code   RO         5712    i.smpResponderProcessPairingRandom  ble_host.lib(sm_rsppairing.o)
    0x1102d13c   0x1102d13c   0x000000b8   Code   RO         5713    i.smpResponderProcessPairingReq  ble_host.lib(sm_rsppairing.o)
    0x1102d1f4   0x1102d1f4   0x00000054   Code   RO         5714    i.smpResponderProcessSigningInfo  ble_host.lib(sm_rsppairing.o)
    0x1102d248   0x1102d248   0x000000be   Code   RO         4333    i.spi_int_handle    spi.o
    0x1102d306   0x1102d306   0x000000fc   Code   RO         4334    i.spis_int_handle   spi.o
    0x1102d402   0x1102d402   0x00000002   PAD
    0x1102d404   0x1102d404   0x0000006c   Code   RO         4785    i.txmit_buf_polling  uart.o
    0x1102d470   0x1102d470   0x000000bc   Code   RO         4786    i.txmit_buf_use_tx_buf  uart.o
    0x1102d52c   0x1102d52c   0x00000080   Code   RO         4787    i.uart_hw_deinit    uart.o
    0x1102d5ac   0x1102d5ac   0x00000158   Code   RO         4788    i.uart_hw_init      uart.o
    0x1102d704   0x1102d704   0x0000000a   Code   RO         4789    i.uart_wakeup_process_0  uart.o
    0x1102d70e   0x1102d70e   0x0000000a   Code   RO         4790    i.uart_wakeup_process_1  uart.o
    0x1102d718   0x1102d718   0x000000b0   Code   RO         4886    i.watchdog_init     watchdog.o
    0x1102d7c8   0x1102d7c8   0x00000016   Code   RO         6078    i.xor_128           ble_host.lib(sm_mgr.o)
    0x1102d7de   0x1102d7de   0x00000002   PAD
    0x1102d7e0   0x1102d7e0   0x00000008   Data   RO         1481    .constdata          ec_core.o
    0x1102d7e8   0x1102d7e8   0x00000020   Data   RO         2360    .constdata          ec_core_uart.o
    0x1102d808   0x1102d808   0x00000008   Data   RO         2858    .constdata          gapgattserver.o
    0x1102d810   0x1102d810   0x0000000c   Data   RO         2859    .constdata          gapgattserver.o
    0x1102d81c   0x1102d81c   0x00000008   Data   RO         2966    .constdata          gattservapp.o
    0x1102d824   0x1102d824   0x0000000c   Data   RO         2967    .constdata          gattservapp.o
    0x1102d830   0x1102d830   0x0000008a   Data   RO         3190    .constdata          gpio.o
    0x1102d8ba   0x1102d8ba   0x00000002   PAD
    0x1102d8bc   0x1102d8bc   0x00000044   Data   RO         3454    .constdata          osal_simpleble.o
    0x1102d900   0x1102d900   0x00000001   Data   RO         3455    .constdata          osal_simpleble.o
    0x1102d901   0x1102d901   0x00000010   Data   RO         3540    .constdata          ota_app_service.o
    0x1102d911   0x1102d911   0x00000010   Data   RO         3541    .constdata          ota_app_service.o
    0x1102d921   0x1102d921   0x00000010   Data   RO         3542    .constdata          ota_app_service.o
    0x1102d931   0x1102d931   0x00000003   PAD
    0x1102d934   0x1102d934   0x00000008   Data   RO         3543    .constdata          ota_app_service.o
    0x1102d93c   0x1102d93c   0x00000010   Data   RO         3544    .constdata          ota_app_service.o
    0x1102d94c   0x1102d94c   0x00000008   Data   RO         3950    .constdata          sbpprofile_ota.o
    0x1102d954   0x1102d954   0x00000014   Data   RO         3951    .constdata          sbpprofile_ota.o
    0x1102d968   0x1102d968   0x00000025   Data   RO         4073    .constdata          simpleblecentral.o
    0x1102d98d   0x1102d98d   0x00000003   PAD
    0x1102d990   0x1102d990   0x0000000c   Data   RO         4792    .constdata          uart.o
    0x1102d99c   0x1102d99c   0x00000010   Data   RO         5110    .constdata          ble_host.lib(att_util.o)
    0x1102d9ac   0x1102d9ac   0x00000060   Data   RO         5534    .constdata          ble_host.lib(gatt_server.o)
    0x1102da0c   0x1102da0c   0x0000002a   Data   RO         5596    .constdata          ble_host.lib(gatt_uuid.o)
    0x1102da36   0x1102da36   0x00000010   Data   RO         6080    .constdata          ble_host.lib(sm_mgr.o)
    0x1102da46   0x1102da46   0x00000019   Data   RO         6138    .constdata          ble_host.lib(sm_pairing.o)
    0x1102da5f   0x1102da5f   0x00000001   PAD
    0x1102da60   0x1102da60   0x0000004d   Data   RO         3391    .conststring        my_printf.o
    0x1102daad   0x1102daad   0x00000003   PAD
    0x1102dab0   0x1102dab0   0x00000042   Data   RO         4074    .conststring        simpleblecentral.o


==============================================================================

Image component sizes


      Code (inc. data)   RO Data    RW Data    ZI Data      Debug   Object Name

       396         50          0         15         40      76878   adc.o
       708         82          0         18         56      73666   central.o
       390         14          0          0          0       3601   clock.o
       172         26          0          0         36      16864   dma.o
       120         42          0          0          0        600   ec_app_ble.o
       436        164          0          1        100       5472   ec_app_ble_peripheral.o
       352         44          0          1        202       4236   ec_app_flash.o
       276         40          0          1          0      18666   ec_app_task.o
       388         66          0          1          0       3085   ec_app_task2.o
       160         54          0          3          0        924   ec_ble.o
        80          8          0          2         20       1645   ec_ble_central.o
       208         62          0         80         62       5749   ec_ble_peripheral.o
       392         62          8          1      11440       9182   ec_core.o
        32          6          0          0          0      16858   ec_core_ble.o
         0          0          0         20          0        656   ec_core_ble_central.o
       312         82          0         24          0       5417   ec_core_ble_peripheral.o
        36          4          0          0          0        550   ec_core_clk.o
         8          0          0          0          0        523   ec_core_delay.o
       128         10          0          1          0       3108   ec_core_flash.o
       686        120          0         88          0      11819   ec_core_gpio.o
         0          0          0          0          0        592   ec_core_printf.o
        84          6         10          0          0       4239   ec_core_pwm.o
        34          0          0          0          0       1001   ec_core_sleep.o
       460         74          0         92          0       3189   ec_core_timer.o
       556         46         32         36          0       8500   ec_core_uart.o
        16          6          0         10          0        871   ec_core_wdg.o
       756         74          0         16          0      15112   flash.o
      1936        100          0          8         20      13809   fs.o
       156         82          0          0          0       1421   gap.o
      3732        182          0         40        166      34204   gapbondmgr.o
       678         44         20        131         22       6040   gapgattserver.o
      3460        200         20         97        744      30200   gattservapp.o
      1568        182        138          0        300      17903   gpio.o
       548        332       1024       1028          0       2154   jump_table.o
       728         92          0         12       2048      16047   main.o
      1052         18         77          8          0       6992   my_printf.o
       224         10         69          4          0       2688   osal_simpleble.o
        98         12          0          0          0       1964   osal_snv.o
      1316        268         72        112        114      11730   ota_app_service.o
      2008        182          0         97         63      14092   peripheral.o
       668         72          0         10         68       6990   pwm.o
       716         88          0         38        120       9186   pwrmgr.o
       408         56         28        176        502       7739   sbpprofile_ota.o
        24          0          0          0          0        967   simpleble_main.o
      3388        932        103         26       9588      26242   simpleblecentral.o
       652        116          0         67        444       6875   simplebleperipheral.o
       530         18          0          0         88       5390   spi.o
        20         10          8          0       1024        440   startup_armcm0.o
        16          8          0          4          0        731   system_armcm0.o
        72         16          0          4          0       2193   timer.o
      1380        148         12          0         64      11513   uart.o
       290         48          0          1          0      12413   watchdog.o

    ----------------------------------------------------------------------
     36218       5462       1716       2296      27340     542926   Object Totals
      3312       1104         80          0          0          0   (incl. Generated)
        52          0         15         23          9          0   (incl. Padding)

    ----------------------------------------------------------------------

      Code (inc. data)   RO Data    RW Data    ZI Data      Debug   Library Member Name

       268         52          0          0          0        616   att_client.o
       356         70          0          0          0        956   att_server.o
      1732         36         16         12          0       2908   att_util.o
      1472        102          0         24          0       1016   gap_centdevmgr.o
       486         30          0          0          0        432   gap_centlinkmgr.o
       864        110          0         90         28       1264   gap_configmgr.o
       130          8          0          8          0        328   gap_devmgr.o
      2122         86          0         16          0       1580   gap_linkmgr.o
      1360        168          0         28          0       1012   gap_peridevmgr.o
        80         12          0          0          0         72   gap_perilinkmgr.o
       704         80          0         12          0        532   gap_task.o
      2344        136          0          1        536       1568   gatt_client.o
      1980        122         96         16          0       2000   gatt_server.o
       420         28          0         12          0        628   gatt_task.o
         0          0         42          0          0          0   gatt_uuid.o
       192         24          0          1          0        404   l2cap_if.o
       544         22          0          1         46        384   l2cap_task.o
      2066         74          0          4        160       1848   l2cap_util.o
       566         58          0          0         60        764   linkdb.o
      1586         86          0         12          0        904   sm_intpairing.o
      1760         30         16          4         15       1476   sm_mgr.o
      2070        164         25         12          0       1956   sm_pairing.o
      1632         88          0         12         15        908   sm_rsppairing.o
       276         32          0          1          0        348   sm_task.o
      1034          6          0          0          0       1564   smp.o
        86          0          0          0          0          0   __dczerorl2.o
         0          0          0          0          0          0   entry.o
         0          0          0          0          0          0   entry10a.o
         0          0          0          0          0          0   entry11a.o
         8          4          0          0          0          0   entry2.o
         4          0          0          0          0          0   entry5.o
         0          0          0          0          0          0   entry7b.o
         0          0          0          0          0          0   entry8b.o
         8          4          0          0          0          0   entry9a.o
        30          0          0          0          0          0   handlers.o
        36          8          0          0          0         68   init.o
         0          0          0          0          0          0   iusefp.o
        32          0          0          0          0         68   llshl.o
        38          0          0          0          0         68   llsshr.o
        34          0          0          0          0         68   llushr.o
      2242         94          0          0          0        472   printfa.o
        96          0          0          0          0         84   uldiv.o
        40          2          0          0          0         68   cdrcmple.o
       356          4          0          0          0        140   dadd.o
       240          6          0          0          0         84   ddiv.o
       236          0          0          0          0        216   depilogue.o
        64         10          0          0          0         68   dfixul.o
       208          6          0          0          0         88   dmul.o
     10912       1096          0         24         32       3040   patch.o
       196         26         17          5         16        216   phy_sec_ext.o
      1808        372          0          8          0        732   rf_phy_driver.o

    ----------------------------------------------------------------------
     42782       3256        216        316        912      30948   Library Totals
        64          0          4         13          4          0   (incl. Padding)

    ----------------------------------------------------------------------

      Code (inc. data)   RO Data    RW Data    ZI Data      Debug   Library Name

     26044       1624        195        266        860      25468   ble_host.lib
      2614        110          0          0          0        828   mc_p.l
      1144         28          0          0          0        664   mf_p.l
     12916       1494         17         37         48       3988   rf.lib

    ----------------------------------------------------------------------
     42782       3256        216        316        912      30948   Library Totals

    ----------------------------------------------------------------------

==============================================================================


      Code (inc. data)   RO Data    RW Data    ZI Data      Debug   

     79000       8718       1932       2612      28252     540642   Grand Totals
     79000       8718       1932        564      28252     540642   ELF Image Totals (compressed)
     79000       8718       1932        564          0          0   ROM Totals

==============================================================================

    Total RO  Size (Code + RO Data)                80932 (  79.04kB)
    Total RW  Size (RW Data + ZI Data)             30864 (  30.14kB)
    Total ROM Size (Code + RO Data + RW Data)      81496 (  79.59kB)

==============================================================================

